../USB_DEVICE/App/usbd_cdc_if.c:85:6:myPrintf	92	static
../USB_DEVICE/App/usbd_cdc_if.c:181:15:CDC_Init_FS	8	static
../USB_DEVICE/App/usbd_cdc_if.c:195:15:CDC_DeInit_FS	4	static
../USB_DEVICE/App/usbd_cdc_if.c:209:15:CDC_Control_FS	16	static
../USB_DEVICE/App/usbd_cdc_if.c:290:15:CDC_Receive_FS	152	static
../USB_DEVICE/App/usbd_cdc_if.c:374:9:CDC_Transmit_FS	24	static
../USB_DEVICE/App/usbd_cdc_if.c:400:15:CDC_TransmitCplt_FS	32	static
../USB_DEVICE/App/usbd_cdc_if.c:412:5:compare_buf	24	static
