../Core/Src/freertos.c:113:6:vApplicationGetIdleTaskMemory	24	static
../Core/Src/freertos.c:126:6:vApplicationGetTimerTaskMemory	24	static
../Core/Src/freertos.c:140:6:MX_FREERTOS_Init	272	static
../Core/Src/freertos.c:248:6:StartTask01_Button	16	static
../Core/Src/freertos.c:334:6:StartTask02_Buzzer	32	static
../Core/Src/freertos.c:386:6:StartTask03_Led	32	static
../Core/Src/freertos.c:441:6:StartTask04_USB	64	static
../Core/Src/freertos.c:572:6:CallbackMultiAndLongCliques	16	static
../Core/Src/freertos.c:580:6:CallbackToqueIntermitenteBuzzer	16	static
../Core/Src/freertos.c:606:6:CallbackToqueIntermitenteLed	16	static
../Core/Src/freertos.c:630:6:CallbackToqueRapido3sBuzzer	16	static
../Core/Src/freertos.c:643:6:CallbackToqueRapido3sLed	16	static
../Core/Src/freertos.c:656:6:CallbackTask3_3s	16	static
../Core/Src/freertos.c:665:6:CallbackTask3_1s	16	static
../Core/Src/freertos.c:675:6:floatToString	32	static
../Core/Src/freertos.c:696:6:LCD_methed	16	static
../Core/Src/freertos.c:713:6:adicionar_comando	24	static
../Core/Src/freertos.c:730:6:remover_comando	24	static
