../Core/Src/main.c:103:5:main	8	static
../Core/Src/main.c:171:6:SystemClock_Config	120	static
../Core/Src/main.c:226:6:TaskButton	8	static
../Core/Src/main.c:300:6:TaskBuzzer	16	static
../Core/Src/main.c:336:6:Action2_TaskBuzzer	8	static
../Core/Src/main.c:357:6:TaskLed	16	static
../Core/Src/main.c:399:6:Yellow_5Hz	8	static
../Core/Src/main.c:415:6:Action2_TaskLed	8	static
../Core/Src/main.c:436:6:Action3	8	static
../Core/Src/main.c:468:6:TaskUSB	112	static
../Core/Src/main.c:581:6:Float_To_String	32	static
../Core/Src/main.c:602:6:LCD_Methed	16	static
../Core/Src/main.c:619:6:Add_Comand	24	static
../Core/Src/main.c:636:6:Remove_Comand	24	static
../Core/Src/main.c:654:6:Error_Handler	4	static,ignoring_inline_asm
