Archive member included to satisfy reference by file (symbol)

C:/ST/STM32CubeIDE_1.16.1/STM32CubeIDE/plugins/com.st.stm32cube.ide.mcu.externaltools.gnu-tools-for-stm32.12.3.rel1.win32_1.0.200.202406191623/tools/bin/../lib/gcc/arm-none-eabi/12.3.1/../../../../arm-none-eabi/lib/thumb/v7e-m+dp/hard\libc_nano.a(libc_a-exit.o)
                              C:/ST/STM32CubeIDE_1.16.1/STM32CubeIDE/plugins/com.st.stm32cube.ide.mcu.externaltools.gnu-tools-for-stm32.12.3.rel1.win32_1.0.200.202406191623/tools/bin/../lib/gcc/arm-none-eabi/12.3.1/../../../../arm-none-eabi/lib/thumb/v7e-m+dp/hard/crt0.o (exit)
C:/ST/STM32CubeIDE_1.16.1/STM32CubeIDE/plugins/com.st.stm32cube.ide.mcu.externaltools.gnu-tools-for-stm32.12.3.rel1.win32_1.0.200.202406191623/tools/bin/../lib/gcc/arm-none-eabi/12.3.1/../../../../arm-none-eabi/lib/thumb/v7e-m+dp/hard\libc_nano.a(libc_a-nano-vfprintf_float.o)
                              (_printf_float)
C:/ST/STM32CubeIDE_1.16.1/STM32CubeIDE/plugins/com.st.stm32cube.ide.mcu.externaltools.gnu-tools-for-stm32.12.3.rel1.win32_1.0.200.202406191623/tools/bin/../lib/gcc/arm-none-eabi/12.3.1/../../../../arm-none-eabi/lib/thumb/v7e-m+dp/hard\libc_nano.a(libc_a-nano-vfprintf_i.o)
                              C:/ST/STM32CubeIDE_1.16.1/STM32CubeIDE/plugins/com.st.stm32cube.ide.mcu.externaltools.gnu-tools-for-stm32.12.3.rel1.win32_1.0.200.202406191623/tools/bin/../lib/gcc/arm-none-eabi/12.3.1/../../../../arm-none-eabi/lib/thumb/v7e-m+dp/hard\libc_nano.a(libc_a-nano-vfprintf_float.o) (_printf_common)
C:/ST/STM32CubeIDE_1.16.1/STM32CubeIDE/plugins/com.st.stm32cube.ide.mcu.externaltools.gnu-tools-for-stm32.12.3.rel1.win32_1.0.200.202406191623/tools/bin/../lib/gcc/arm-none-eabi/12.3.1/../../../../arm-none-eabi/lib/thumb/v7e-m+dp/hard\libc_nano.a(libc_a-nano-vfscanf_float.o)
                              (_scanf_float)
C:/ST/STM32CubeIDE_1.16.1/STM32CubeIDE/plugins/com.st.stm32cube.ide.mcu.externaltools.gnu-tools-for-stm32.12.3.rel1.win32_1.0.200.202406191623/tools/bin/../lib/gcc/arm-none-eabi/12.3.1/../../../../arm-none-eabi/lib/thumb/v7e-m+dp/hard\libc_nano.a(libc_a-findfp.o)
                              C:/ST/STM32CubeIDE_1.16.1/STM32CubeIDE/plugins/com.st.stm32cube.ide.mcu.externaltools.gnu-tools-for-stm32.12.3.rel1.win32_1.0.200.202406191623/tools/bin/../lib/gcc/arm-none-eabi/12.3.1/../../../../arm-none-eabi/lib/thumb/v7e-m+dp/hard\libc_nano.a(libc_a-exit.o) (__stdio_exit_handler)
C:/ST/STM32CubeIDE_1.16.1/STM32CubeIDE/plugins/com.st.stm32cube.ide.mcu.externaltools.gnu-tools-for-stm32.12.3.rel1.win32_1.0.200.202406191623/tools/bin/../lib/gcc/arm-none-eabi/12.3.1/../../../../arm-none-eabi/lib/thumb/v7e-m+dp/hard\libc_nano.a(libc_a-fwalk.o)
                              C:/ST/STM32CubeIDE_1.16.1/STM32CubeIDE/plugins/com.st.stm32cube.ide.mcu.externaltools.gnu-tools-for-stm32.12.3.rel1.win32_1.0.200.202406191623/tools/bin/../lib/gcc/arm-none-eabi/12.3.1/../../../../arm-none-eabi/lib/thumb/v7e-m+dp/hard\libc_nano.a(libc_a-findfp.o) (_fwalk_sglue)
C:/ST/STM32CubeIDE_1.16.1/STM32CubeIDE/plugins/com.st.stm32cube.ide.mcu.externaltools.gnu-tools-for-stm32.12.3.rel1.win32_1.0.200.202406191623/tools/bin/../lib/gcc/arm-none-eabi/12.3.1/../../../../arm-none-eabi/lib/thumb/v7e-m+dp/hard\libc_nano.a(libc_a-sprintf.o)
                              C:/ST/STM32CubeIDE_1.16.1/STM32CubeIDE/plugins/com.st.stm32cube.ide.mcu.externaltools.gnu-tools-for-stm32.12.3.rel1.win32_1.0.200.202406191623/tools/bin/../lib/gcc/arm-none-eabi/12.3.1/../../../../arm-none-eabi/lib/thumb/v7e-m+dp/hard\libc_nano.a(libc_a-nano-vfscanf_float.o) (sprintf)
C:/ST/STM32CubeIDE_1.16.1/STM32CubeIDE/plugins/com.st.stm32cube.ide.mcu.externaltools.gnu-tools-for-stm32.12.3.rel1.win32_1.0.200.202406191623/tools/bin/../lib/gcc/arm-none-eabi/12.3.1/../../../../arm-none-eabi/lib/thumb/v7e-m+dp/hard\libc_nano.a(libc_a-stdio.o)
                              C:/ST/STM32CubeIDE_1.16.1/STM32CubeIDE/plugins/com.st.stm32cube.ide.mcu.externaltools.gnu-tools-for-stm32.12.3.rel1.win32_1.0.200.202406191623/tools/bin/../lib/gcc/arm-none-eabi/12.3.1/../../../../arm-none-eabi/lib/thumb/v7e-m+dp/hard\libc_nano.a(libc_a-findfp.o) (__sread)
C:/ST/STM32CubeIDE_1.16.1/STM32CubeIDE/plugins/com.st.stm32cube.ide.mcu.externaltools.gnu-tools-for-stm32.12.3.rel1.win32_1.0.200.202406191623/tools/bin/../lib/gcc/arm-none-eabi/12.3.1/../../../../arm-none-eabi/lib/thumb/v7e-m+dp/hard\libc_nano.a(libc_a-vsprintf.o)
                              ./USB_DEVICE/App/usbd_cdc_if.o (vsprintf)
C:/ST/STM32CubeIDE_1.16.1/STM32CubeIDE/plugins/com.st.stm32cube.ide.mcu.externaltools.gnu-tools-for-stm32.12.3.rel1.win32_1.0.200.202406191623/tools/bin/../lib/gcc/arm-none-eabi/12.3.1/../../../../arm-none-eabi/lib/thumb/v7e-m+dp/hard\libc_nano.a(libc_a-memset.o)
[...]
Memory Configuration

Name             Origin             Length             Attributes
FLASH            0x08000000         0x00200000         xr
DTCMRAM          0x20000000         0x00020000         xrw
RAM_D1           0x24000000         0x00080000         xrw
RAM_D2           0x30000000         0x00048000         xrw
RAM_D3           0x38000000         0x00010000         xrw
ITCMRAM          0x00000000         0x00010000         xrw
*default*        0x00000000         0xffffffff

Linker script and memory map

LOAD C:/ST/STM32CubeIDE_1.16.1/STM32CubeIDE/plugins/com.st.stm32cube.ide.mcu.externaltools.gnu-tools-for-stm32.12.3.rel1.win32_1.0.200.202406191623/tools/bin/../lib/gcc/arm-none-eabi/12.3.1/thumb/v7e-m+dp/hard/crti.o
LOAD C:/ST/STM32CubeIDE_1.16.1/STM32CubeIDE/plugins/com.st.stm32cube.ide.mcu.externaltools.gnu-tools-for-stm32.12.3.rel1.win32_1.0.200.202406191623/tools/bin/../lib/gcc/arm-none-eabi/12.3.1/thumb/v7e-m+dp/hard/crtbegin.o
LOAD C:/ST/STM32CubeIDE_1.16.1/STM32CubeIDE/plugins/com.st.stm32cube.ide.mcu.externaltools.gnu-tools-for-stm32.12.3.rel1.win32_1.0.200.202406191623/tools/bin/../lib/gcc/arm-none-eabi/12.3.1/../../../../arm-none-eabi/lib/thumb/v7e-m+dp/hard/crt0.o
LOAD ./Core/Src/LCD1602.o
LOAD ./Core/Src/adc.o
LOAD ./Core/Src/gpio.o
LOAD ./Core/Src/main.o
LOAD ./Core/Src/memorymap.o
LOAD ./Core/Src/stm32h7xx_hal_msp.o
LOAD ./Core/Src/stm32h7xx_it.o
LOAD ./Core/Src/syscalls.o
LOAD ./Core/Src/sysmem.o
LOAD ./Core/Src/system_stm32h7xx.o
LOAD ./Core/Src/tim.o
LOAD ./Core/Startup/startup_stm32h743zitx.o
LOAD ./Drivers/STM32H7xx_HAL_Driver/Src/stm32h7xx_hal.o
LOAD ./Drivers/STM32H7xx_HAL_Driver/Src/stm32h7xx_hal_adc.o
LOAD ./Drivers/STM32H7xx_HAL_Driver/Src/stm32h7xx_hal_adc_ex.o
LOAD ./Drivers/STM32H7xx_HAL_Driver/Src/stm32h7xx_hal_cortex.o
LOAD ./Drivers/STM32H7xx_HAL_Driver/Src/stm32h7xx_hal_dma.o
LOAD ./Drivers/STM32H7xx_HAL_Driver/Src/stm32h7xx_hal_dma_ex.o
LOAD ./Drivers/STM32H7xx_HAL_Driver/Src/stm32h7xx_hal_exti.o
LOAD ./Drivers/STM32H7xx_HAL_Driver/Src/stm32h7xx_hal_flash.o
LOAD ./Drivers/STM32H7xx_HAL_Driver/Src/stm32h7xx_hal_flash_ex.o
LOAD ./Drivers/STM32H7xx_HAL_Driver/Src/stm32h7xx_hal_gpio.o
LOAD ./Drivers/STM32H7xx_HAL_Driver/Src/stm32h7xx_hal_hsem.o
LOAD ./Drivers/STM32H7xx_HAL_Driver/Src/stm32h7xx_hal_i2c.o
LOAD ./Drivers/STM32H7xx_HAL_Driver/Src/stm32h7xx_hal_i2c_ex.o
LOAD ./Drivers/STM32H7xx_HAL_Driver/Src/stm32h7xx_hal_mdma.o
LOAD ./Drivers/STM32H7xx_HAL_Driver/Src/stm32h7xx_hal_pcd.o
LOAD ./Drivers/STM32H7xx_HAL_Driver/Src/stm32h7xx_hal_pcd_ex.o
LOAD ./Drivers/STM32H7xx_HAL_Driver/Src/stm32h7xx_hal_pwr.o
LOAD ./Drivers/STM32H7xx_HAL_Driver/Src/stm32h7xx_hal_pwr_ex.o
LOAD ./Drivers/STM32H7xx_HAL_Driver/Src/stm32h7xx_hal_rcc.o
LOAD ./Drivers/STM32H7xx_HAL_Driver/Src/stm32h7xx_hal_rcc_ex.o
LOAD ./Drivers/STM32H7xx_HAL_Driver/Src/stm32h7xx_hal_tim.o
LOAD ./Drivers/STM32H7xx_HAL_Driver/Src/stm32h7xx_hal_tim_ex.o
LOAD ./Drivers/STM32H7xx_HAL_Driver/Src/stm32h7xx_ll_usb.o
LOAD ./Middlewares/ST/STM32_USB_Device_Library/Class/CDC/Src/usbd_cdc.o
LOAD ./Middlewares/ST/STM32_USB_Device_Library/Core/Src/usbd_core.o
LOAD ./Middlewares/ST/STM32_USB_Device_Library/Core/Src/usbd_ctlreq.o
LOAD ./Middlewares/ST/STM32_USB_Device_Library/Core/Src/usbd_ioreq.o
LOAD ./USB_DEVICE/App/usb_device.o
LOAD ./USB_DEVICE/App/usbd_cdc_if.o
LOAD ./USB_DEVICE/App/usbd_desc.o
LOAD ./USB_DEVICE/Target/usbd_conf.o
START GROUP
LOAD C:/ST/STM32CubeIDE_1.16.1/STM32CubeIDE/plugins/com.st.stm32cube.ide.mcu.externaltools.gnu-tools-for-stm32.12.3.rel1.win32_1.0.200.202406191623/tools/bin/../lib/gcc/arm-none-eabi/12.3.1/../../../../arm-none-eabi/lib/thumb/v7e-m+dp/hard\libc_nano.a
LOAD C:/ST/STM32CubeIDE_1.16.1/STM32CubeIDE/plugins/com.st.stm32cube.ide.mcu.externaltools.gnu-tools-for-stm32.12.3.rel1.win32_1.0.200.202406191623/tools/bin/../lib/gcc/arm-none-eabi/12.3.1/../../../../arm-none-eabi/lib/thumb/v7e-m+dp/hard\libm.a
END GROUP
START GROUP
LOAD C:/ST/STM32CubeIDE_1.16.1/STM32CubeIDE/plugins/com.st.stm32cube.ide.mcu.externaltools.gnu-tools-for-stm32.12.3.rel1.win32_1.0.200.202406191623/tools/bin/../lib/gcc/arm-none-eabi/12.3.1/thumb/v7e-m+dp/hard\libgcc.a
LOAD C:/ST/STM32CubeIDE_1.16.1/STM32CubeIDE/plugins/com.st.stm32cube.ide.mcu.externaltools.gnu-tools-for-stm32.12.3.rel1.win32_1.0.200.202406191623/tools/bin/../lib/gcc/arm-none-eabi/12.3.1/../../../../arm-none-eabi/lib/thumb/v7e-m+dp/hard\libc_nano.a
END GROUP
START GROUP
LOAD C:/ST/STM32CubeIDE_1.16.1/STM32CubeIDE/plugins/com.st.stm32cube.ide.mcu.externaltools.gnu-tools-for-stm32.12.3.rel1.win32_1.0.200.202406191623/tools/bin/../lib/gcc/arm-none-eabi/12.3.1/thumb/v7e-m+dp/hard\libgcc.a
LOAD C:/ST/STM32CubeIDE_1.16.1/STM32CubeIDE/plugins/com.st.stm32cube.ide.mcu.externaltools.gnu-tools-for-stm32.12.3.rel1.win32_1.0.200.202406191623/tools/bin/../lib/gcc/arm-none-eabi/12.3.1/../../../../arm-none-eabi/lib/thumb/v7e-m+dp/hard\libc_nano.a
LOAD C:/ST/STM32CubeIDE_1.16.1/STM32CubeIDE/plugins/com.st.stm32cube.ide.mcu.externaltools.gnu-tools-for-stm32.12.3.rel1.win32_1.0.200.202406191623/tools/bin/../lib/gcc/arm-none-eabi/12.3.1/../../../../arm-none-eabi/lib/thumb/v7e-m+dp/hard\libnosys.a
END GROUP
START GROUP
LOAD C:/ST/STM32CubeIDE_1.16.1/STM32CubeIDE/plugins/com.st.stm32cube.ide.mcu.externaltools.gnu-tools-for-stm32.12.3.rel1.win32_1.0.200.202406191623/tools/bin/../lib/gcc/arm-none-eabi/12.3.1/thumb/v7e-m+dp/hard\libgcc.a
LOAD C:/ST/STM32CubeIDE_1.16.1/STM32CubeIDE/plugins/com.st.stm32cube.ide.mcu.externaltools.gnu-tools-for-stm32.12.3.rel1.win32_1.0.200.202406191623/tools/bin/../lib/gcc/arm-none-eabi/12.3.1/../../../../arm-none-eabi/lib/thumb/v7e-m+dp/hard\libc_nano.a
LOAD C:/ST/STM32CubeIDE_1.16.1/STM32CubeIDE/plugins/com.st.stm32cube.ide.mcu.externaltools.gnu-tools-for-stm32.12.3.rel1.win32_1.0.200.202406191623/tools/bin/../lib/gcc/arm-none-eabi/12.3.1/../../../../arm-none-eabi/lib/thumb/v7e-m+dp/hard\libnosys.a
END GROUP
LOAD C:/ST/STM32CubeIDE_1.16.1/STM32CubeIDE/plugins/com.st.stm32cube.ide.mcu.externaltools.gnu-tools-for-stm32.12.3.rel1.win32_1.0.200.202406191623/tools/bin/../lib/gcc/arm-none-eabi/12.3.1/thumb/v7e-m+dp/hard/crtend.o
LOAD C:/ST/STM32CubeIDE_1.16.1/STM32CubeIDE/plugins/com.st.stm32cube.ide.mcu.externaltools.gnu-tools-for-stm32.12.3.rel1.win32_1.0.200.202406191623/tools/bin/../lib/gcc/arm-none-eabi/12.3.1/thumb/v7e-m+dp/hard/crtn.o
                0x24080000                        _estack = (ORIGIN (RAM_D1) + LENGTH (RAM_D1))
                0x00000200                        _Min_Heap_Size = 0x200
                0x00000400                        _Min_Stack_Size = 0x400

.isr_vector     0x08000000      0x298
                0x08000000                        . = ALIGN (0x4)
 *(.isr_vector)
 .isr_vector    0x08000000      0x298 ./Core/Startup/startup_stm32h743zitx.o
                0x08000000                g_pfnVectors
                0x08000298                        . = ALIGN (0x4)

.text           0x080002a0    0x12aa4
                0x080002a0                        . = ALIGN (0x4)
 *(.text)
 .text          0x080002a0       0x40 C:/ST/STM32CubeIDE_1.16.1/STM32CubeIDE/plugins/com.st.stm32cube.ide.mcu.externaltools.gnu-tools-for-stm32.12.3.rel1.win32_1.0.200.202406191623/tools/bin/../lib/gcc/arm-none-eabi/12.3.1/thumb/v7e-m+dp/hard/crtbegin.o
 .text          0x080002e0       0x14 C:/ST/STM32CubeIDE_1.16.1/STM32CubeIDE/plugins/com.st.stm32cube.ide.mcu.externaltools.gnu-tools-for-stm32.12.3.rel1.win32_1.0.200.202406191623/tools/bin/../lib/gcc/arm-none-eabi/12.3.1/../../../../arm-none-eabi/lib/thumb/v7e-m+dp/hard\libc_nano.a(libc_a-strcmp.o)
                0x080002e0                strcmp
 *fill*         0x080002f4        0xc 
 .text          0x08000300       0xa0 C:/ST/STM32CubeIDE_1.16.1/STM32CubeIDE/plugins/com.st.stm32cube.ide.mcu.externaltools.gnu-tools-for-stm32.12.3.rel1.win32_1.0.200.202406191623/tools/bin/../lib/gcc/arm-none-eabi/12.3.1/../../../../arm-none-eabi/lib/thumb/v7e-m+dp/hard\libc_nano.a(libc_a-memchr.o)
                0x08000300                memchr
 .text          0x080003a0       0x10 C:/ST/STM32CubeIDE_1.16.1/STM32CubeIDE/plugins/com.st.stm32cube.ide.mcu.externaltools.gnu-tools-for-stm32.12.3.rel1.win32_1.0.200.202406191623/tools/bin/../lib/gcc/arm-none-eabi/12.3.1/../../../../arm-none-eabi/lib/thumb/v7e-m+dp/hard\libc_nano.a(libc_a-strlen.o)
                0x080003a0                strlen
 .text          0x080003b0      0x378 C:/ST/STM32CubeIDE_1.16.1/STM32CubeIDE/plugins/com.st.stm32cube.ide.mcu.externaltools.gnu-tools-for-stm32.12.3.rel1.win32_1.0.200.202406191623/tools/bin/../lib/gcc/arm-none-eabi/12.3.1/thumb/v7e-m+dp/hard\libgcc.a(_arm_addsubdf3.o)
                0x080003b0                __aeabi_drsub
                0x080003b8                __aeabi_dsub
                0x080003b8                __subdf3
                0x080003bc                __aeabi_dadd
                0x080003bc                __adddf3
                0x08000634                __floatunsidf
                0x08000634                __aeabi_ui2d
                0x08000654                __floatsidf
                0x08000654                __aeabi_i2d
                0x08000678                __aeabi_f2d
                0x08000678                __extendsfdf2
                0x080006bc                __floatundidf
                0x080006bc                __aeabi_ul2d
                0x080006cc                __floatdidf
                0x080006cc                __aeabi_l2d
 .text          0x08000728       0x30 C:/ST/STM32CubeIDE_1.16.1/STM32CubeIDE/plugins/com.st.stm32cube.ide.mcu.externaltools.gnu-tools-for-stm32.12.3.rel1.win32_1.0.200.202406191623/tools/bin/../lib/gcc/arm-none-eabi/12.3.1/thumb/v7e-m+dp/hard\libgcc.a(_fixdfdi.o)
                0x08000728                __fixdfdi
                0x08000728                __aeabi_d2lz
 .text          0x08000758       0x40 C:/ST/STM32CubeIDE_1.16.1/STM32CubeIDE/plugins/com.st.stm32cube.ide.mcu.externaltools.gnu-tools-for-stm32.12.3.rel1.win32_1.0.200.202406191623/tools/bin/../lib/gcc/arm-none-eabi/12.3.1/thumb/v7e-m+dp/hard\libgcc.a(_fixunsdfdi.o)
                0x08000758                __fixunsdfdi
                0x08000758                __aeabi_d2ulz
 *(.text*)
 .text.delay    0x08000798       0x34 ./Core/Src/LCD1602.o
                0x08000798                delay
 .text.send_to_lcd
                0x080007cc       0xa0 ./Core/Src/LCD1602.o
                0x080007cc                send_to_lcd
 .text.lcd_send_cmd
                0x0800086c       0x34 ./Core/Src/LCD1602.o
                0x0800086c                lcd_send_cmd
 .text.lcd_send_data
                0x080008a0       0x34 ./Core/Src/LCD1602.o
                0x080008a0                lcd_send_data
 .text.lcd_clear
                0x080008d4       0x14 ./Core/Src/LCD1602.o
                0x080008d4                lcd_clear
 .text.lcd_put_cur
                0x080008e8       0x3e ./Core/Src/LCD1602.o
                0x080008e8                lcd_put_cur
 .text.lcd_init
                0x08000926       0x74 ./Core/Src/LCD1602.o
                0x08000926                lcd_init
 .text.lcd_send_string
                0x0800099a       0x2a ./Core/Src/LCD1602.o
                0x0800099a                lcd_send_string
 .text.MX_ADC3_Init
                0x080009c4       0xe4 ./Core/Src/adc.o
                0x080009c4                MX_ADC3_Init
 .text.HAL_ADC_MspInit
                0x08000aa8       0xd0 ./Core/Src/adc.o
                0x08000aa8                HAL_ADC_MspInit
 .text.MX_GPIO_Init
                0x08000b78      0x2c4 ./Core/Src/gpio.o
                0x08000b78                MX_GPIO_Init
 .text.main     0x08000e3c       0x7c ./Core/Src/main.o
                0x08000e3c                main
 .text.SystemClock_Config
                0x08000eb8       0xf8 ./Core/Src/main.o
                0x08000eb8                SystemClock_Config
 .text.TaskButton
                0x08000fb0      0x1f4 ./Core/Src/main.o
                0x08000fb0                TaskButton
 .text.TaskBuzzer
                0x080011a4      0x15c ./Core/Src/main.o
                0x080011a4                TaskBuzzer
 .text.Action2_TaskBuzzer
                0x08001300       0xb0 ./Core/Src/main.o
                0x08001300                Action2_TaskBuzzer
 .text.TaskLed  0x080013b0      0x198 ./Core/Src/main.o
                0x080013b0                TaskLed
 .text.Yellow_5Hz
                0x08001548       0x6c ./Core/Src/main.o
                0x08001548                Yellow_5Hz
 .text.Action2_TaskLed
                0x080015b4       0xb0 ./Core/Src/main.o
                0x080015b4                Action2_TaskLed
 .text.Action3  0x08001664      0x114 ./Core/Src/main.o
                0x08001664                Action3
 .text.TaskUSB  0x08001778      0x394 ./Core/Src/main.o
                0x08001778                TaskUSB
 .text.Float_To_String
                0x08001b0c       0xec ./Core/Src/main.o
                0x08001b0c                Float_To_String
 .text.LCD_Methed
                0x08001bf8       0x68 ./Core/Src/main.o
                0x08001bf8                LCD_Methed
 .text.Add_Comand
                0x08001c60       0x80 ./Core/Src/main.o
                0x08001c60                Add_Comand
 .text.Remove_Comand
                0x08001ce0       0x98 ./Core/Src/main.o
                0x08001ce0                Remove_Comand
 .text.Error_Handler
                0x08001d78        0xc ./Core/Src/main.o
                0x08001d78                Error_Handler
 .text.HAL_MspInit
                0x08001d84       0x34 ./Core/Src/stm32h7xx_hal_msp.o
                0x08001d84                HAL_MspInit
 .text.NMI_Handler
                0x08001db8        0x8 ./Core/Src/stm32h7xx_it.o
                0x08001db8                NMI_Handler
 .text.HardFault_Handler
                0x08001dc0        0x8 ./Core/Src/stm32h7xx_it.o
                0x08001dc0                HardFault_Handler
 .text.MemManage_Handler
                0x08001dc8        0x8 ./Core/Src/stm32h7xx_it.o
                0x08001dc8                MemManage_Handler
 .text.BusFault_Handler
                0x08001dd0        0x8 ./Core/Src/stm32h7xx_it.o
                0x08001dd0                BusFault_Handler
 .text.UsageFault_Handler
                0x08001dd8        0x8 ./Core/Src/stm32h7xx_it.o
                0x08001dd8                UsageFault_Handler
 .text.SVC_Handler
                0x08001de0        0xe ./Core/Src/stm32h7xx_it.o
                0x08001de0                SVC_Handler
 .text.DebugMon_Handler
                0x08001dee        0xe ./Core/Src/stm32h7xx_it.o
                0x08001dee                DebugMon_Handler
 .text.PendSV_Handler
                0x08001dfc        0xe ./Core/Src/stm32h7xx_it.o
                0x08001dfc                PendSV_Handler
 .text.SysTick_Handler
                0x08001e0a        0xc ./Core/Src/stm32h7xx_it.o
                0x08001e0a                SysTick_Handler
 *fill*         0x08001e16        0x2 
 .text.EXTI15_10_IRQHandler
                0x08001e18       0x48 ./Core/Src/stm32h7xx_it.o
                0x08001e18                EXTI15_10_IRQHandler
 .text.TIM5_IRQHandler
                0x08001e60       0x4c ./Core/Src/stm32h7xx_it.o
                0x08001e60                TIM5_IRQHandler
 .text.TIM6_DAC_IRQHandler
                0x08001eac       0x2c ./Core/Src/stm32h7xx_it.o
                0x08001eac                TIM6_DAC_IRQHandler
 .text.TIM7_IRQHandler
                0x08001ed8       0x28 ./Core/Src/stm32h7xx_it.o
                0x08001ed8                TIM7_IRQHandler
 .text.OTG_FS_IRQHandler
                0x08001f00       0x14 ./Core/Src/stm32h7xx_it.o
                0x08001f00                OTG_FS_IRQHandler
 *fill*         0x08001f14        0x4 
 .text.ADC3_IRQHandler
                0x08001f18       0x58 ./Core/Src/stm32h7xx_it.o
                0x08001f18                ADC3_IRQHandler
 .text._getpid  0x08001f70       0x10 ./Core/Src/syscalls.o
                0x08001f70                _getpid
 .text._kill    0x08001f80       0x20 ./Core/Src/syscalls.o
                0x08001f80                _kill
 .text._exit    0x08001fa0       0x16 ./Core/Src/syscalls.o
                0x08001fa0                _exit
 .text._read    0x08001fb6       0x3a ./Core/Src/syscalls.o
                0x08001fb6                _read
 .text._write   0x08001ff0       0x38 ./Core/Src/syscalls.o
                0x08001ff0                _write
 .text._close   0x08002028       0x18 ./Core/Src/syscalls.o
                0x08002028                _close
 .text._fstat   0x08002040       0x20 ./Core/Src/syscalls.o
                0x08002040                _fstat
 .text._isatty  0x08002060       0x16 ./Core/Src/syscalls.o
                0x08002060                _isatty
 .text._lseek   0x08002076       0x1a ./Core/Src/syscalls.o
                0x08002076                _lseek
 .text._sbrk    0x08002090       0x6c ./Core/Src/sysmem.o
                0x08002090                _sbrk
 .text.SystemInit
                0x080020fc      0x110 ./Core/Src/system_stm32h7xx.o
                0x080020fc                SystemInit
 .text.MX_TIM1_Init
                0x0800220c       0xa8 ./Core/Src/tim.o
                0x0800220c                MX_TIM1_Init
 .text.MX_TIM5_Init
                0x080022b4       0xa0 ./Core/Src/tim.o
                0x080022b4                MX_TIM5_Init
 .text.MX_TIM6_Init
                0x08002354       0x70 ./Core/Src/tim.o
                0x08002354                MX_TIM6_Init
 .text.MX_TIM7_Init
                0x080023c4       0x70 ./Core/Src/tim.o
                0x080023c4                MX_TIM7_Init
 .text.HAL_TIM_Base_MspInit
                0x08002434       0xfc ./Core/Src/tim.o
                0x08002434                HAL_TIM_Base_MspInit
 .text.Reset_Handler
                0x08002530       0x50 ./Core/Startup/startup_stm32h743zitx.o
                0x08002530                Reset_Handler
 .text.Default_Handler
                0x08002580        0x2 ./Core/Startup/startup_stm32h743zitx.o
                0x08002580                RTC_Alarm_IRQHandler
                0x08002580                EXTI2_IRQHandler
                0x08002580                TIM8_CC_IRQHandler
                0x08002580                HRTIM1_Master_IRQHandler
                0x08002580                UART8_IRQHandler
                0x08002580                SPI4_IRQHandler
                0x08002580                TIM1_CC_IRQHandler
                0x08002580                BDMA_Channel6_IRQHandler
                0x08002580                DMA2_Stream5_IRQHandler
                0x08002580                HRTIM1_FLT_IRQHandler
                0x08002580                JPEG_IRQHandler
                0x08002580                DMA1_Stream5_IRQHandler
                0x08002580                BDMA_Channel1_IRQHandler
                0x08002580                HRTIM1_TIMD_IRQHandler
                0x08002580                TAMP_STAMP_IRQHandler
                0x08002580                EXTI3_IRQHandler
                0x08002580                LPTIM4_IRQHandler
                0x08002580                TIM8_TRG_COM_TIM14_IRQHandler
                0x08002580                LPTIM2_IRQHandler
                0x08002580                DFSDM1_FLT1_IRQHandler
                0x08002580                DMAMUX2_OVR_IRQHandler
                0x08002580                TIM8_UP_TIM13_IRQHandler
                0x08002580                I2C3_ER_IRQHandler
                0x08002580                DFSDM1_FLT2_IRQHandler
                0x08002580                MDMA_IRQHandler
                0x08002580                LPTIM3_IRQHandler
                0x08002580                HSEM1_IRQHandler
                0x08002580                EXTI0_IRQHandler
                0x08002580                I2C2_EV_IRQHandler
                0x08002580                DMA1_Stream2_IRQHandler
                0x08002580                FPU_IRQHandler
                0x08002580                OTG_HS_WKUP_IRQHandler
                0x08002580                FDCAN1_IT1_IRQHandler
                0x08002580                LTDC_ER_IRQHandler
                0x08002580                DMA2_Stream2_IRQHandler
                0x08002580                HRTIM1_TIME_IRQHandler
                0x08002580                SPI1_IRQHandler
                0x08002580                DCMI_IRQHandler
                0x08002580                HRTIM1_TIMC_IRQHandler
                0x08002580                DMA2_Stream3_IRQHandler
                0x08002580                SAI2_IRQHandler
                0x08002580                DFSDM1_FLT3_IRQHandler
                0x08002580                USART6_IRQHandler
                0x08002580                TIM17_IRQHandler
                0x08002580                USART3_IRQHandler
                0x08002580                BDMA_Channel7_IRQHandler
                0x08002580                LPTIM5_IRQHandler
                0x08002580                UART5_IRQHandler
                0x08002580                DMA2_Stream0_IRQHandler
                0x08002580                TIM4_IRQHandler
                0x08002580                BDMA_Channel2_IRQHandler
                0x08002580                QUADSPI_IRQHandler
                0x08002580                I2C1_EV_IRQHandler
                0x08002580                DMA1_Stream6_IRQHandler
                0x08002580                DMAMUX1_OVR_IRQHandler
                0x08002580                DMA1_Stream1_IRQHandler
                0x08002580                TIM16_IRQHandler
                0x08002580                UART4_IRQHandler
                0x08002580                BDMA_Channel5_IRQHandler
                0x08002580                TIM3_IRQHandler
                0x08002580                RCC_IRQHandler
                0x08002580                TIM8_BRK_TIM12_IRQHandler
                0x08002580                TIM1_TRG_COM_IRQHandler
                0x08002580                Default_Handler
                0x08002580                ECC_IRQHandler
                0x08002580                CEC_IRQHandler
                0x08002580                BDMA_Channel0_IRQHandler
                0x08002580                ADC_IRQHandler
                0x08002580                DMA1_Stream7_IRQHandler
                0x08002580                HRTIM1_TIMA_IRQHandler
                0x08002580                SPI5_IRQHandler
                0x08002580                SDMMC1_IRQHandler
                0x08002580                DMA2_Stream7_IRQHandler
                0x08002580                TIM15_IRQHandler
                0x08002580                PVD_AVD_IRQHandler
                0x08002580                I2C3_EV_IRQHandler
                0x08002580                EXTI9_5_IRQHandler
                0x08002580                RTC_WKUP_IRQHandler
                0x08002580                LTDC_IRQHandler
                0x08002580                SAI3_IRQHandler
                0x08002580                ETH_WKUP_IRQHandler
                0x08002580                SPDIF_RX_IRQHandler
                0x08002580                SPI2_IRQHandler
                0x08002580                OTG_HS_EP1_IN_IRQHandler
                0x08002580                DMA1_Stream0_IRQHandler
                0x08002580                CRS_IRQHandler
                0x08002580                EXTI4_IRQHandler
                0x08002580                RNG_IRQHandler
                0x08002580                HRTIM1_TIMB_IRQHandler
                0x08002580                FDCAN2_IT1_IRQHandler
                0x08002580                ETH_IRQHandler
                0x08002580                TIM1_UP_IRQHandler
                0x08002580                BDMA_Channel4_IRQHandler
                0x08002580                OTG_HS_EP1_OUT_IRQHandler
                0x08002580                WWDG_IRQHandler
                0x08002580                SPI6_IRQHandler
                0x08002580                MDIOS_IRQHandler
                0x08002580                I2C4_EV_IRQHandler
                0x08002580                FDCAN2_IT0_IRQHandler
                0x08002580                LPUART1_IRQHandler
                0x08002580                FDCAN1_IT0_IRQHandler
                0x08002580                TIM2_IRQHandler
                0x08002580                OTG_FS_WKUP_IRQHandler
                0x08002580                OTG_HS_IRQHandler
                0x08002580                DMA2D_IRQHandler
                0x08002580                TIM1_BRK_IRQHandler
                0x08002580                EXTI1_IRQHandler
                0x08002580                SDMMC2_IRQHandler
                0x08002580                OTG_FS_EP1_OUT_IRQHandler
                0x08002580                BDMA_Channel3_IRQHandler
                0x08002580                UART7_IRQHandler
                0x08002580                MDIOS_WKUP_IRQHandler
                0x08002580                USART2_IRQHandler
                0x08002580                DFSDM1_FLT0_IRQHandler
                0x08002580                SAI4_IRQHandler
                0x08002580                I2C2_ER_IRQHandler
                0x08002580                DMA2_Stream1_IRQHandler
                0x08002580                FLASH_IRQHandler
                0x08002580                DMA2_Stream4_IRQHandler
                0x08002580                USART1_IRQHandler
                0x08002580                SPI3_IRQHandler
                0x08002580                WAKEUP_PIN_IRQHandler
                0x08002580                DMA1_Stream4_IRQHandler
                0x08002580                OTG_FS_EP1_IN_IRQHandler
                0x08002580                I2C1_ER_IRQHandler
                0x08002580                FMC_IRQHandler
                0x08002580                FDCAN_CAL_IRQHandler
                0x08002580                SWPMI1_IRQHandler
                0x08002580                COMP1_IRQHandler
                0x08002580                LPTIM1_IRQHandler
                0x08002580                I2C4_ER_IRQHandler
                0x08002580                DMA2_Stream6_IRQHandler
                0x08002580                SAI1_IRQHandler
                0x08002580                DMA1_Stream3_IRQHandler
 *fill*         0x08002582        0x2 
 .text.HAL_Init
                0x08002584       0x78 ./Drivers/STM32H7xx_HAL_Driver/Src/stm32h7xx_hal.o
                0x08002584                HAL_Init
 .text.HAL_InitTick
                0x080025fc       0x6c ./Drivers/STM32H7xx_HAL_Driver/Src/stm32h7xx_hal.o
                0x080025fc                HAL_InitTick
 .text.HAL_IncTick
                0x08002668       0x28 ./Drivers/STM32H7xx_HAL_Driver/Src/stm32h7xx_hal.o
                0x08002668                HAL_IncTick
 .text.HAL_GetTick
                0x08002690       0x18 ./Drivers/STM32H7xx_HAL_Driver/Src/stm32h7xx_hal.o
                0x08002690                HAL_GetTick
 .text.HAL_Delay
                0x080026a8       0x48 ./Drivers/STM32H7xx_HAL_Driver/Src/stm32h7xx_hal.o
                0x080026a8                HAL_Delay
 .text.HAL_GetREVID
                0x080026f0       0x18 ./Drivers/STM32H7xx_HAL_Driver/Src/stm32h7xx_hal.o
                0x080026f0                HAL_GetREVID
 .text.HAL_SYSCFG_AnalogSwitchConfig
                0x08002708       0x2c ./Drivers/STM32H7xx_HAL_Driver/Src/stm32h7xx_hal.o
                0x08002708                HAL_SYSCFG_AnalogSwitchConfig
 .text.LL_ADC_SetCommonClock
                0x08002734       0x26 ./Drivers/STM32H7xx_HAL_Driver/Src/stm32h7xx_hal_adc.o
 .text.LL_ADC_SetCommonPathInternalCh
                0x0800275a       0x26 ./Drivers/STM32H7xx_HAL_Driver/Src/stm32h7xx_hal_adc.o
 .text.LL_ADC_GetCommonPathInternalCh
                0x08002780       0x1c ./Drivers/STM32H7xx_HAL_Driver/Src/stm32h7xx_hal_adc.o
 .text.LL_ADC_SetOffset
                0x0800279c       0x40 ./Drivers/STM32H7xx_HAL_Driver/Src/stm32h7xx_hal_adc.o
 .text.LL_ADC_SetDataRightShift
                0x080027dc       0x32 ./Drivers/STM32H7xx_HAL_Driver/Src/stm32h7xx_hal_adc.o
 .text.LL_ADC_SetOffsetSignedSaturation
                0x0800280e       0x36 ./Drivers/STM32H7xx_HAL_Driver/Src/stm32h7xx_hal_adc.o
 .text.LL_ADC_REG_IsTriggerSourceSWStart
                0x08002844       0x26 ./Drivers/STM32H7xx_HAL_Driver/Src/stm32h7xx_hal_adc.o
 .text.LL_ADC_REG_SetSequencerRanks
                0x0800286a       0x58 ./Drivers/STM32H7xx_HAL_Driver/Src/stm32h7xx_hal_adc.o
 .text.LL_ADC_INJ_IsTriggerSourceSWStart
                0x080028c2       0x26 ./Drivers/STM32H7xx_HAL_Driver/Src/stm32h7xx_hal_adc.o
 .text.LL_ADC_SetChannelSamplingTime
                0x080028e8       0x56 ./Drivers/STM32H7xx_HAL_Driver/Src/stm32h7xx_hal_adc.o
 *fill*         0x0800293e        0x2 
 .text.LL_ADC_SetChannelSingleDiff
                0x08002940       0x48 ./Drivers/STM32H7xx_HAL_Driver/Src/stm32h7xx_hal_adc.o
 .text.LL_ADC_GetMultimode
                0x08002988       0x1c ./Drivers/STM32H7xx_HAL_Driver/Src/stm32h7xx_hal_adc.o
 .text.LL_ADC_GetMultiDMATransfer
                0x080029a4       0x1c ./Drivers/STM32H7xx_HAL_Driver/Src/stm32h7xx_hal_adc.o
 .text.LL_ADC_DisableDeepPowerDown
                0x080029c0       0x24 ./Drivers/STM32H7xx_HAL_Driver/Src/stm32h7xx_hal_adc.o
 .text.LL_ADC_IsDeepPowerDownEnabled
                0x080029e4       0x28 ./Drivers/STM32H7xx_HAL_Driver/Src/stm32h7xx_hal_adc.o
 .text.LL_ADC_EnableInternalRegulator
                0x08002a0c       0x28 ./Drivers/STM32H7xx_HAL_Driver/Src/stm32h7xx_hal_adc.o
 .text.LL_ADC_IsInternalRegulatorEnabled
                0x08002a34       0x28 ./Drivers/STM32H7xx_HAL_Driver/Src/stm32h7xx_hal_adc.o
 .text.LL_ADC_Enable
                0x08002a5c       0x28 ./Drivers/STM32H7xx_HAL_Driver/Src/stm32h7xx_hal_adc.o
 .text.LL_ADC_Disable
                0x08002a84       0x28 ./Drivers/STM32H7xx_HAL_Driver/Src/stm32h7xx_hal_adc.o
 .text.LL_ADC_IsEnabled
                0x08002aac       0x26 ./Drivers/STM32H7xx_HAL_Driver/Src/stm32h7xx_hal_adc.o
 .text.LL_ADC_IsDisableOngoing
                0x08002ad2       0x26 ./Drivers/STM32H7xx_HAL_Driver/Src/stm32h7xx_hal_adc.o
 .text.LL_ADC_REG_StartConversion
                0x08002af8       0x28 ./Drivers/STM32H7xx_HAL_Driver/Src/stm32h7xx_hal_adc.o
 .text.LL_ADC_REG_StopConversion
                0x08002b20       0x28 ./Drivers/STM32H7xx_HAL_Driver/Src/stm32h7xx_hal_adc.o
 .text.LL_ADC_REG_IsConversionOngoing
                0x08002b48       0x26 ./Drivers/STM32H7xx_HAL_Driver/Src/stm32h7xx_hal_adc.o
 *fill*         0x08002b6e        0x2 
 .text.LL_ADC_INJ_StopConversion
                0x08002b70       0x28 ./Drivers/STM32H7xx_HAL_Driver/Src/stm32h7xx_hal_adc.o
 .text.LL_ADC_INJ_IsConversionOngoing
                0x08002b98       0x26 ./Drivers/STM32H7xx_HAL_Driver/Src/stm32h7xx_hal_adc.o
 *fill*         0x08002bbe        0x2 
 .text.HAL_ADC_Init
                0x08002bc0      0x344 ./Drivers/STM32H7xx_HAL_Driver/Src/stm32h7xx_hal_adc.o
                0x08002bc0                HAL_ADC_Init
 .text.HAL_ADC_Start_IT
                0x08002f04      0x27c ./Drivers/STM32H7xx_HAL_Driver/Src/stm32h7xx_hal_adc.o
                0x08002f04                HAL_ADC_Start_IT
 .text.HAL_ADC_Stop_IT
                0x08003180       0x78 ./Drivers/STM32H7xx_HAL_Driver/Src/stm32h7xx_hal_adc.o
                0x08003180                HAL_ADC_Stop_IT
 .text.HAL_ADC_GetValue
                0x080031f8       0x1a ./Drivers/STM32H7xx_HAL_Driver/Src/stm32h7xx_hal_adc.o
                0x080031f8                HAL_ADC_GetValue
 *fill*         0x08003212        0x2 
 .text.HAL_ADC_IRQHandler
                0x08003214      0x474 ./Drivers/STM32H7xx_HAL_Driver/Src/stm32h7xx_hal_adc.o
                0x08003214                HAL_ADC_IRQHandler
 .text.HAL_ADC_ConvCpltCallback
                0x08003688       0x14 ./Drivers/STM32H7xx_HAL_Driver/Src/stm32h7xx_hal_adc.o
                0x08003688                HAL_ADC_ConvCpltCallback
 .text.HAL_ADC_LevelOutOfWindowCallback
                0x0800369c       0x14 ./Drivers/STM32H7xx_HAL_Driver/Src/stm32h7xx_hal_adc.o
                0x0800369c                HAL_ADC_LevelOutOfWindowCallback
 .text.HAL_ADC_ErrorCallback
                0x080036b0       0x14 ./Drivers/STM32H7xx_HAL_Driver/Src/stm32h7xx_hal_adc.o
                0x080036b0                HAL_ADC_ErrorCallback
 .text.HAL_ADC_ConfigChannel
                0x080036c4      0x6b8 ./Drivers/STM32H7xx_HAL_Driver/Src/stm32h7xx_hal_adc.o
                0x080036c4                HAL_ADC_ConfigChannel
 .text.ADC_ConversionStop
                0x08003d7c      0x178 ./Drivers/STM32H7xx_HAL_Driver/Src/stm32h7xx_hal_adc.o
                0x08003d7c                ADC_ConversionStop
 .text.ADC_Enable
                0x08003ef4      0x114 ./Drivers/STM32H7xx_HAL_Driver/Src/stm32h7xx_hal_adc.o
                0x08003ef4                ADC_Enable
 .text.ADC_Disable
                0x08004008       0xbe ./Drivers/STM32H7xx_HAL_Driver/Src/stm32h7xx_hal_adc.o
                0x08004008                ADC_Disable
 *fill*         0x080040c6        0x2 
 .text.ADC_ConfigureBoostMode
                0x080040c8      0x218 ./Drivers/STM32H7xx_HAL_Driver/Src/stm32h7xx_hal_adc.o
                0x080040c8                ADC_ConfigureBoostMode
 .text.HAL_ADCEx_InjectedConvCpltCallback
                0x080042e0       0x14 ./Drivers/STM32H7xx_HAL_Driver/Src/stm32h7xx_hal_adc_ex.o
                0x080042e0                HAL_ADCEx_InjectedConvCpltCallback
 .text.HAL_ADCEx_InjectedQueueOverflowCallback
                0x080042f4       0x14 ./Drivers/STM32H7xx_HAL_Driver/Src/stm32h7xx_hal_adc_ex.o
                0x080042f4                HAL_ADCEx_InjectedQueueOverflowCallback
 .text.HAL_ADCEx_LevelOutOfWindow2Callback
                0x08004308       0x14 ./Drivers/STM32H7xx_HAL_Driver/Src/stm32h7xx_hal_adc_ex.o
                0x08004308                HAL_ADCEx_LevelOutOfWindow2Callback
 .text.HAL_ADCEx_LevelOutOfWindow3Callback
                0x0800431c       0x14 ./Drivers/STM32H7xx_HAL_Driver/Src/stm32h7xx_hal_adc_ex.o
                0x0800431c                HAL_ADCEx_LevelOutOfWindow3Callback
 .text.HAL_ADCEx_EndOfSamplingCallback
                0x08004330       0x14 ./Drivers/STM32H7xx_HAL_Driver/Src/stm32h7xx_hal_adc_ex.o
                0x08004330                HAL_ADCEx_EndOfSamplingCallback
 .text.__NVIC_SetPriorityGrouping
                0x08004344       0x48 ./Drivers/STM32H7xx_HAL_Driver/Src/stm32h7xx_hal_cortex.o
 .text.__NVIC_GetPriorityGrouping
                0x0800438c       0x1c ./Drivers/STM32H7xx_HAL_Driver/Src/stm32h7xx_hal_cortex.o
 .text.__NVIC_EnableIRQ
                0x080043a8       0x3c ./Drivers/STM32H7xx_HAL_Driver/Src/stm32h7xx_hal_cortex.o
 .text.__NVIC_SetPriority
                0x080043e4       0x54 ./Drivers/STM32H7xx_HAL_Driver/Src/stm32h7xx_hal_cortex.o
 .text.NVIC_EncodePriority
                0x08004438       0x66 ./Drivers/STM32H7xx_HAL_Driver/Src/stm32h7xx_hal_cortex.o
 *fill*         0x0800449e        0x2 
 .text.SysTick_Config
                0x080044a0       0x44 ./Drivers/STM32H7xx_HAL_Driver/Src/stm32h7xx_hal_cortex.o
 .text.HAL_NVIC_SetPriorityGrouping
                0x080044e4       0x16 ./Drivers/STM32H7xx_HAL_Driver/Src/stm32h7xx_hal_cortex.o
                0x080044e4                HAL_NVIC_SetPriorityGrouping
 .text.HAL_NVIC_SetPriority
                0x080044fa       0x34 ./Drivers/STM32H7xx_HAL_Driver/Src/stm32h7xx_hal_cortex.o
                0x080044fa                HAL_NVIC_SetPriority
 .text.HAL_NVIC_EnableIRQ
                0x0800452e       0x1c ./Drivers/STM32H7xx_HAL_Driver/Src/stm32h7xx_hal_cortex.o
                0x0800452e                HAL_NVIC_EnableIRQ
 .text.HAL_SYSTICK_Config
                0x0800454a       0x18 ./Drivers/STM32H7xx_HAL_Driver/Src/stm32h7xx_hal_cortex.o
                0x0800454a                HAL_SYSTICK_Config
 *fill*         0x08004562        0x2 
 .text.HAL_GPIO_Init
                0x08004564      0x360 ./Drivers/STM32H7xx_HAL_Driver/Src/stm32h7xx_hal_gpio.o
                0x08004564                HAL_GPIO_Init
 .text.HAL_GPIO_ReadPin
                0x080048c4       0x30 ./Drivers/STM32H7xx_HAL_Driver/Src/stm32h7xx_hal_gpio.o
                0x080048c4                HAL_GPIO_ReadPin
 .text.HAL_GPIO_WritePin
                0x080048f4       0x32 ./Drivers/STM32H7xx_HAL_Driver/Src/stm32h7xx_hal_gpio.o
                0x080048f4                HAL_GPIO_WritePin
 .text.HAL_GPIO_TogglePin
                0x08004926       0x34 ./Drivers/STM32H7xx_HAL_Driver/Src/stm32h7xx_hal_gpio.o
                0x08004926                HAL_GPIO_TogglePin
 .text.HAL_GPIO_EXTI_IRQHandler
                0x0800495a       0x34 ./Drivers/STM32H7xx_HAL_Driver/Src/stm32h7xx_hal_gpio.o
                0x0800495a                HAL_GPIO_EXTI_IRQHandler
 .text.HAL_GPIO_EXTI_Callback
                0x0800498e       0x16 ./Drivers/STM32H7xx_HAL_Driver/Src/stm32h7xx_hal_gpio.o
                0x0800498e                HAL_GPIO_EXTI_Callback
 .text.HAL_PCD_Init
                0x080049a4      0x218 ./Drivers/STM32H7xx_HAL_Driver/Src/stm32h7xx_hal_pcd.o
                0x080049a4                HAL_PCD_Init
 .text.HAL_PCD_Start
                0x08004bbc       0x6a ./Drivers/STM32H7xx_HAL_Driver/Src/stm32h7xx_hal_pcd.o
                0x08004bbc                HAL_PCD_Start
 .text.HAL_PCD_IRQHandler
                0x08004c26      0x99c ./Drivers/STM32H7xx_HAL_Driver/Src/stm32h7xx_hal_pcd.o
                0x08004c26                HAL_PCD_IRQHandler
 .text.HAL_PCD_SetAddress
                0x080055c2       0x48 ./Drivers/STM32H7xx_HAL_Driver/Src/stm32h7xx_hal_pcd.o
                0x080055c2                HAL_PCD_SetAddress
 .text.HAL_PCD_EP_Open
                0x0800560a       0xd0 ./Drivers/STM32H7xx_HAL_Driver/Src/stm32h7xx_hal_pcd.o
                0x0800560a                HAL_PCD_EP_Open
 .text.HAL_PCD_EP_Close
                0x080056da       0x94 ./Drivers/STM32H7xx_HAL_Driver/Src/stm32h7xx_hal_pcd.o
                0x080056da                HAL_PCD_EP_Close
 .text.HAL_PCD_EP_Receive
                0x0800576e       0x76 ./Drivers/STM32H7xx_HAL_Driver/Src/stm32h7xx_hal_pcd.o
                0x0800576e                HAL_PCD_EP_Receive
 .text.HAL_PCD_EP_GetRxCount
                0x080057e4       0x30 ./Drivers/STM32H7xx_HAL_Driver/Src/stm32h7xx_hal_pcd.o
                0x080057e4                HAL_PCD_EP_GetRxCount
 .text.HAL_PCD_EP_Transmit
                0x08005814       0x74 ./Drivers/STM32H7xx_HAL_Driver/Src/stm32h7xx_hal_pcd.o
                0x08005814                HAL_PCD_EP_Transmit
 .text.HAL_PCD_EP_SetStall
                0x08005888       0xc6 ./Drivers/STM32H7xx_HAL_Driver/Src/stm32h7xx_hal_pcd.o
                0x08005888                HAL_PCD_EP_SetStall
 .text.HAL_PCD_EP_ClrStall
                0x0800594e       0xac ./Drivers/STM32H7xx_HAL_Driver/Src/stm32h7xx_hal_pcd.o
                0x0800594e                HAL_PCD_EP_ClrStall
 .text.HAL_PCD_EP_Abort
                0x080059fa       0x62 ./Drivers/STM32H7xx_HAL_Driver/Src/stm32h7xx_hal_pcd.o
                0x080059fa                HAL_PCD_EP_Abort
 .text.PCD_WriteEmptyTxFifo
                0x08005a5c      0x118 ./Drivers/STM32H7xx_HAL_Driver/Src/stm32h7xx_hal_pcd.o
 .text.PCD_EP_OutXfrComplete_int
                0x08005b74      0x1d0 ./Drivers/STM32H7xx_HAL_Driver/Src/stm32h7xx_hal_pcd.o
 .text.PCD_EP_OutSetupPacket_int
                0x08005d44       0x8c ./Drivers/STM32H7xx_HAL_Driver/Src/stm32h7xx_hal_pcd.o
 .text.HAL_PCDEx_SetTxFiFo
                0x08005dd0       0x8e ./Drivers/STM32H7xx_HAL_Driver/Src/stm32h7xx_hal_pcd_ex.o
                0x08005dd0                HAL_PCDEx_SetTxFiFo
 .text.HAL_PCDEx_SetRxFiFo
                0x08005e5e       0x22 ./Drivers/STM32H7xx_HAL_Driver/Src/stm32h7xx_hal_pcd_ex.o
                0x08005e5e                HAL_PCDEx_SetRxFiFo
 .text.HAL_PCDEx_ActivateLPM
                0x08005e80       0x48 ./Drivers/STM32H7xx_HAL_Driver/Src/stm32h7xx_hal_pcd_ex.o
                0x08005e80                HAL_PCDEx_ActivateLPM
 .text.HAL_PCDEx_LPM_Callback
                0x08005ec8       0x18 ./Drivers/STM32H7xx_HAL_Driver/Src/stm32h7xx_hal_pcd_ex.o
                0x08005ec8                HAL_PCDEx_LPM_Callback
 .text.HAL_PWREx_ConfigSupply
                0x08005ee0       0x74 ./Drivers/STM32H7xx_HAL_Driver/Src/stm32h7xx_hal_pwr_ex.o
                0x08005ee0                HAL_PWREx_ConfigSupply
 .text.HAL_PWREx_EnableUSBVoltageDetector
                0x08005f54       0x20 ./Drivers/STM32H7xx_HAL_Driver/Src/stm32h7xx_hal_pwr_ex.o
                0x08005f54                HAL_PWREx_EnableUSBVoltageDetector
 .text.HAL_RCC_OscConfig
                0x08005f74      0x8b4 ./Drivers/STM32H7xx_HAL_Driver/Src/stm32h7xx_hal_rcc.o
                0x08005f74                HAL_RCC_OscConfig
 .text.HAL_RCC_ClockConfig
                0x08006828      0x36c ./Drivers/STM32H7xx_HAL_Driver/Src/stm32h7xx_hal_rcc.o
                0x08006828                HAL_RCC_ClockConfig
 .text.HAL_RCC_GetSysClockFreq
                0x08006b94      0x2f4 ./Drivers/STM32H7xx_HAL_Driver/Src/stm32h7xx_hal_rcc.o
                0x08006b94                HAL_RCC_GetSysClockFreq
 .text.HAL_RCC_GetHCLKFreq
                0x08006e88       0x60 ./Drivers/STM32H7xx_HAL_Driver/Src/stm32h7xx_hal_rcc.o
                0x08006e88                HAL_RCC_GetHCLKFreq
 .text.HAL_RCC_GetPCLK1Freq
                0x08006ee8       0x2c ./Drivers/STM32H7xx_HAL_Driver/Src/stm32h7xx_hal_rcc.o
                0x08006ee8                HAL_RCC_GetPCLK1Freq
 .text.HAL_RCCEx_PeriphCLKConfig
                0x08006f14     0x1414 ./Drivers/STM32H7xx_HAL_Driver/Src/stm32h7xx_hal_rcc_ex.o
                0x08006f14                HAL_RCCEx_PeriphCLKConfig
 .text.HAL_RCCEx_GetPeriphCLKFreq
                0x08008328      0xb00 ./Drivers/STM32H7xx_HAL_Driver/Src/stm32h7xx_hal_rcc_ex.o
                0x08008328                HAL_RCCEx_GetPeriphCLKFreq
 .text.HAL_RCCEx_GetD3PCLK1Freq
                0x08008e28       0x2c ./Drivers/STM32H7xx_HAL_Driver/Src/stm32h7xx_hal_rcc_ex.o
                0x08008e28                HAL_RCCEx_GetD3PCLK1Freq
 .text.HAL_RCCEx_GetPLL2ClockFreq
                0x08008e54      0x2a8 ./Drivers/STM32H7xx_HAL_Driver/Src/stm32h7xx_hal_rcc_ex.o
                0x08008e54                HAL_RCCEx_GetPLL2ClockFreq
 .text.HAL_RCCEx_GetPLL3ClockFreq
                0x080090fc      0x2a8 ./Drivers/STM32H7xx_HAL_Driver/Src/stm32h7xx_hal_rcc_ex.o
                0x080090fc                HAL_RCCEx_GetPLL3ClockFreq
 .text.HAL_RCCEx_GetPLL1ClockFreq
                0x080093a4      0x2a4 ./Drivers/STM32H7xx_HAL_Driver/Src/stm32h7xx_hal_rcc_ex.o
                0x080093a4                HAL_RCCEx_GetPLL1ClockFreq
 .text.RCCEx_PLL2_Config
                0x08009648      0x164 ./Drivers/STM32H7xx_HAL_Driver/Src/stm32h7xx_hal_rcc_ex.o
 .text.RCCEx_PLL3_Config
                0x080097ac      0x164 ./Drivers/STM32H7xx_HAL_Driver/Src/stm32h7xx_hal_rcc_ex.o
 .text.HAL_TIM_Base_Init
                0x08009910       0xae ./Drivers/STM32H7xx_HAL_Driver/Src/stm32h7xx_hal_tim.o
                0x08009910                HAL_TIM_Base_Init
 *fill*         0x080099be        0x2 
 .text.HAL_TIM_Base_Start
                0x080099c0       0xe0 ./Drivers/STM32H7xx_HAL_Driver/Src/stm32h7xx_hal_tim.o
                0x080099c0                HAL_TIM_Base_Start
 .text.HAL_TIM_Base_Start_IT
                0x08009aa0       0xf0 ./Drivers/STM32H7xx_HAL_Driver/Src/stm32h7xx_hal_tim.o
                0x08009aa0                HAL_TIM_Base_Start_IT
 .text.HAL_TIM_Base_Stop_IT
                0x08009b90       0x5e ./Drivers/STM32H7xx_HAL_Driver/Src/stm32h7xx_hal_tim.o
                0x08009b90                HAL_TIM_Base_Stop_IT
 .text.HAL_TIM_IRQHandler
                0x08009bee      0x20e ./Drivers/STM32H7xx_HAL_Driver/Src/stm32h7xx_hal_tim.o
                0x08009bee                HAL_TIM_IRQHandler
 .text.HAL_TIM_ConfigClockSource
                0x08009dfc      0x1f0 ./Drivers/STM32H7xx_HAL_Driver/Src/stm32h7xx_hal_tim.o
                0x08009dfc                HAL_TIM_ConfigClockSource
 .text.HAL_TIM_PeriodElapsedCallback
                0x08009fec       0x14 ./Drivers/STM32H7xx_HAL_Driver/Src/stm32h7xx_hal_tim.o
                0x08009fec                HAL_TIM_PeriodElapsedCallback
 .text.HAL_TIM_OC_DelayElapsedCallback
                0x0800a000       0x14 ./Drivers/STM32H7xx_HAL_Driver/Src/stm32h7xx_hal_tim.o
                0x0800a000                HAL_TIM_OC_DelayElapsedCallback
 .text.HAL_TIM_IC_CaptureCallback
                0x0800a014       0x14 ./Drivers/STM32H7xx_HAL_Driver/Src/stm32h7xx_hal_tim.o
                0x0800a014                HAL_TIM_IC_CaptureCallback
 .text.HAL_TIM_PWM_PulseFinishedCallback
                0x0800a028       0x14 ./Drivers/STM32H7xx_HAL_Driver/Src/stm32h7xx_hal_tim.o
                0x0800a028                HAL_TIM_PWM_PulseFinishedCallback
 .text.HAL_TIM_TriggerCallback
                0x0800a03c       0x14 ./Drivers/STM32H7xx_HAL_Driver/Src/stm32h7xx_hal_tim.o
                0x0800a03c                HAL_TIM_TriggerCallback
 .text.TIM_Base_SetConfig
                0x0800a050      0x14c ./Drivers/STM32H7xx_HAL_Driver/Src/stm32h7xx_hal_tim.o
                0x0800a050                TIM_Base_SetConfig
 .text.TIM_TI1_ConfigInputStage
                0x0800a19c       0x5e ./Drivers/STM32H7xx_HAL_Driver/Src/stm32h7xx_hal_tim.o
 .text.TIM_TI2_ConfigInputStage
                0x0800a1fa       0x60 ./Drivers/STM32H7xx_HAL_Driver/Src/stm32h7xx_hal_tim.o
 *fill*         0x0800a25a        0x2 
 .text.TIM_ITRx_SetConfig
                0x0800a25c       0x3c ./Drivers/STM32H7xx_HAL_Driver/Src/stm32h7xx_hal_tim.o
 .text.TIM_ETR_SetConfig
                0x0800a298       0x40 ./Drivers/STM32H7xx_HAL_Driver/Src/stm32h7xx_hal_tim.o
                0x0800a298                TIM_ETR_SetConfig
 .text.HAL_TIMEx_MasterConfigSynchronization
                0x0800a2d8      0x11c ./Drivers/STM32H7xx_HAL_Driver/Src/stm32h7xx_hal_tim_ex.o
                0x0800a2d8                HAL_TIMEx_MasterConfigSynchronization
 .text.HAL_TIMEx_CommutCallback
                0x0800a3f4       0x14 ./Drivers/STM32H7xx_HAL_Driver/Src/stm32h7xx_hal_tim_ex.o
                0x0800a3f4                HAL_TIMEx_CommutCallback
 .text.HAL_TIMEx_BreakCallback
                0x0800a408       0x14 ./Drivers/STM32H7xx_HAL_Driver/Src/stm32h7xx_hal_tim_ex.o
                0x0800a408                HAL_TIMEx_BreakCallback
 .text.HAL_TIMEx_Break2Callback
                0x0800a41c       0x14 ./Drivers/STM32H7xx_HAL_Driver/Src/stm32h7xx_hal_tim_ex.o
                0x0800a41c                HAL_TIMEx_Break2Callback
 .text.USB_CoreInit
                0x0800a430       0xe4 ./Drivers/STM32H7xx_HAL_Driver/Src/stm32h7xx_ll_usb.o
                0x0800a430                USB_CoreInit
 .text.USB_SetTurnaroundTime
                0x0800a514      0x144 ./Drivers/STM32H7xx_HAL_Driver/Src/stm32h7xx_ll_usb.o
                0x0800a514                USB_SetTurnaroundTime
 .text.USB_EnableGlobalInt
                0x0800a658       0x22 ./Drivers/STM32H7xx_HAL_Driver/Src/stm32h7xx_ll_usb.o
                0x0800a658                USB_EnableGlobalInt
 .text.USB_DisableGlobalInt
                0x0800a67a       0x22 ./Drivers/STM32H7xx_HAL_Driver/Src/stm32h7xx_ll_usb.o
                0x0800a67a                USB_DisableGlobalInt
 .text.USB_SetCurrentMode
                0x0800a69c       0x98 ./Drivers/STM32H7xx_HAL_Driver/Src/stm32h7xx_ll_usb.o
                0x0800a69c                USB_SetCurrentMode
 .text.USB_DevInit
                0x0800a734      0x2bc ./Drivers/STM32H7xx_HAL_Driver/Src/stm32h7xx_ll_usb.o
                0x0800a734                USB_DevInit
 .text.USB_FlushTxFifo
                0x0800a9f0       0x64 ./Drivers/STM32H7xx_HAL_Driver/Src/stm32h7xx_ll_usb.o
                0x0800a9f0                USB_FlushTxFifo
 .text.USB_FlushRxFifo
                0x0800aa54       0x5c ./Drivers/STM32H7xx_HAL_Driver/Src/stm32h7xx_ll_usb.o
                0x0800aa54                USB_FlushRxFifo
 .text.USB_SetDevSpeed
                0x0800aab0       0x32 ./Drivers/STM32H7xx_HAL_Driver/Src/stm32h7xx_ll_usb.o
                0x0800aab0                USB_SetDevSpeed
 .text.USB_GetDevSpeed
                0x0800aae2       0x4a ./Drivers/STM32H7xx_HAL_Driver/Src/stm32h7xx_ll_usb.o
                0x0800aae2                USB_GetDevSpeed
 .text.USB_ActivateEndpoint
                0x0800ab2c      0x110 ./Drivers/STM32H7xx_HAL_Driver/Src/stm32h7xx_ll_usb.o
                0x0800ab2c                USB_ActivateEndpoint
 .text.USB_DeactivateEndpoint
                0x0800ac3c      0x1b8 ./Drivers/STM32H7xx_HAL_Driver/Src/stm32h7xx_ll_usb.o
                0x0800ac3c                USB_DeactivateEndpoint
 .text.USB_EPStartXfer
                0x0800adf4      0x540 ./Drivers/STM32H7xx_HAL_Driver/Src/stm32h7xx_ll_usb.o
                0x0800adf4                USB_EPStartXfer
 .text.USB_EPStopXfer
                0x0800b334      0x154 ./Drivers/STM32H7xx_HAL_Driver/Src/stm32h7xx_ll_usb.o
                0x0800b334                USB_EPStopXfer
 .text.USB_WritePacket
                0x0800b488       0x7c ./Drivers/STM32H7xx_HAL_Driver/Src/stm32h7xx_ll_usb.o
                0x0800b488                USB_WritePacket
 .text.USB_ReadPacket
                0x0800b504       0xb0 ./Drivers/STM32H7xx_HAL_Driver/Src/stm32h7xx_ll_usb.o
                0x0800b504                USB_ReadPacket
 .text.USB_EPSetStall
                0x0800b5b4       0xdc ./Drivers/STM32H7xx_HAL_Driver/Src/stm32h7xx_ll_usb.o
                0x0800b5b4                USB_EPSetStall
 .text.USB_EPClearStall
                0x0800b690       0xcc ./Drivers/STM32H7xx_HAL_Driver/Src/stm32h7xx_ll_usb.o
                0x0800b690                USB_EPClearStall
 .text.USB_SetDevAddress
                0x0800b75c       0x4c ./Drivers/STM32H7xx_HAL_Driver/Src/stm32h7xx_ll_usb.o
                0x0800b75c                USB_SetDevAddress
 .text.USB_DevConnect
                0x0800b7a8       0x42 ./Drivers/STM32H7xx_HAL_Driver/Src/stm32h7xx_ll_usb.o
                0x0800b7a8                USB_DevConnect
 .text.USB_DevDisconnect
                0x0800b7ea       0x42 ./Drivers/STM32H7xx_HAL_Driver/Src/stm32h7xx_ll_usb.o
                0x0800b7ea                USB_DevDisconnect
 .text.USB_ReadInterrupts
                0x0800b82c       0x26 ./Drivers/STM32H7xx_HAL_Driver/Src/stm32h7xx_ll_usb.o
                0x0800b82c                USB_ReadInterrupts
 .text.USB_ReadDevAllOutEpInterrupt
                0x0800b852       0x34 ./Drivers/STM32H7xx_HAL_Driver/Src/stm32h7xx_ll_usb.o
                0x0800b852                USB_ReadDevAllOutEpInterrupt
 .text.USB_ReadDevAllInEpInterrupt
                0x0800b886       0x34 ./Drivers/STM32H7xx_HAL_Driver/Src/stm32h7xx_ll_usb.o
                0x0800b886                USB_ReadDevAllInEpInterrupt
 .text.USB_ReadDevOutEPInterrupt
                0x0800b8ba       0x3c ./Drivers/STM32H7xx_HAL_Driver/Src/stm32h7xx_ll_usb.o
                0x0800b8ba                USB_ReadDevOutEPInterrupt
 .text.USB_ReadDevInEPInterrupt
                0x0800b8f6       0x5c ./Drivers/STM32H7xx_HAL_Driver/Src/stm32h7xx_ll_usb.o
                0x0800b8f6                USB_ReadDevInEPInterrupt
 .text.USB_GetMode
                0x0800b952       0x1c ./Drivers/STM32H7xx_HAL_Driver/Src/stm32h7xx_ll_usb.o
                0x0800b952                USB_GetMode
 *fill*         0x0800b96e        0x2 
 .text.USB_ActivateSetup
                0x0800b970       0x48 ./Drivers/STM32H7xx_HAL_Driver/Src/stm32h7xx_ll_usb.o
                0x0800b970                USB_ActivateSetup
 .text.USB_EP0_OutStart
                0x0800b9b8       0xbc ./Drivers/STM32H7xx_HAL_Driver/Src/stm32h7xx_ll_usb.o
                0x0800b9b8                USB_EP0_OutStart
 .text.USB_CoreReset
                0x0800ba74       0x62 ./Drivers/STM32H7xx_HAL_Driver/Src/stm32h7xx_ll_usb.o
 *fill*         0x0800bad6        0x2 
 .text.USBD_CDC_Init
                0x0800bad8      0x1f0 ./Middlewares/ST/STM32_USB_Device_Library/Class/CDC/Src/usbd_cdc.o
 .text.USBD_CDC_DeInit
                0x0800bcc8      0x104 ./Middlewares/ST/STM32_USB_Device_Library/Class/CDC/Src/usbd_cdc.o
 .text.USBD_CDC_Setup
                0x0800bdcc      0x1b8 ./Middlewares/ST/STM32_USB_Device_Library/Class/CDC/Src/usbd_cdc.o
 .text.USBD_CDC_DataIn
                0x0800bf84       0xfe ./Middlewares/ST/STM32_USB_Device_Library/Class/CDC/Src/usbd_cdc.o
 .text.USBD_CDC_DataOut
                0x0800c082       0x70 ./Middlewares/ST/STM32_USB_Device_Library/Class/CDC/Src/usbd_cdc.o
 .text.USBD_CDC_EP0_RxReady
                0x0800c0f2       0x74 ./Middlewares/ST/STM32_USB_Device_Library/Class/CDC/Src/usbd_cdc.o
 *fill*         0x0800c166        0x2 
 .text.USBD_CDC_GetFSCfgDesc
                0x0800c168       0x70 ./Middlewares/ST/STM32_USB_Device_Library/Class/CDC/Src/usbd_cdc.o
 .text.USBD_CDC_GetHSCfgDesc
                0x0800c1d8       0x70 ./Middlewares/ST/STM32_USB_Device_Library/Class/CDC/Src/usbd_cdc.o
 .text.USBD_CDC_GetOtherSpeedCfgDesc
                0x0800c248       0x70 ./Middlewares/ST/STM32_USB_Device_Library/Class/CDC/Src/usbd_cdc.o
 .text.USBD_CDC_GetDeviceQualifierDescriptor
                0x0800c2b8       0x20 ./Middlewares/ST/STM32_USB_Device_Library/Class/CDC/Src/usbd_cdc.o
                0x0800c2b8                USBD_CDC_GetDeviceQualifierDescriptor
 .text.USBD_CDC_RegisterInterface
                0x0800c2d8       0x34 ./Middlewares/ST/STM32_USB_Device_Library/Class/CDC/Src/usbd_cdc.o
                0x0800c2d8                USBD_CDC_RegisterInterface
 .text.USBD_CDC_SetTxBuffer
                0x0800c30c       0x44 ./Middlewares/ST/STM32_USB_Device_Library/Class/CDC/Src/usbd_cdc.o
                0x0800c30c                USBD_CDC_SetTxBuffer
 .text.USBD_CDC_SetRxBuffer
                0x0800c350       0x3a ./Middlewares/ST/STM32_USB_Device_Library/Class/CDC/Src/usbd_cdc.o
                0x0800c350                USBD_CDC_SetRxBuffer
 *fill*         0x0800c38a        0x2 
 .text.USBD_CDC_TransmitPacket
                0x0800c38c       0x80 ./Middlewares/ST/STM32_USB_Device_Library/Class/CDC/Src/usbd_cdc.o
                0x0800c38c                USBD_CDC_TransmitPacket
 .text.USBD_CDC_ReceivePacket
                0x0800c40c       0x6c ./Middlewares/ST/STM32_USB_Device_Library/Class/CDC/Src/usbd_cdc.o
                0x0800c40c                USBD_CDC_ReceivePacket
 .text.USBD_Init
                0x0800c478       0x60 ./Middlewares/ST/STM32_USB_Device_Library/Core/Src/usbd_core.o
                0x0800c478                USBD_Init
 .text.USBD_RegisterClass
                0x0800c4d8       0x6c ./Middlewares/ST/STM32_USB_Device_Library/Core/Src/usbd_core.o
                0x0800c4d8                USBD_RegisterClass
 .text.USBD_Start
                0x0800c544       0x18 ./Middlewares/ST/STM32_USB_Device_Library/Core/Src/usbd_core.o
                0x0800c544                USBD_Start
 .text.USBD_RunTestMode
                0x0800c55c       0x16 ./Middlewares/ST/STM32_USB_Device_Library/Core/Src/usbd_core.o
                0x0800c55c                USBD_RunTestMode
 .text.USBD_SetClassConfig
                0x0800c572       0x38 ./Middlewares/ST/STM32_USB_Device_Library/Core/Src/usbd_core.o
                0x0800c572                USBD_SetClassConfig
 .text.USBD_ClrClassConfig
                0x0800c5aa       0x34 ./Middlewares/ST/STM32_USB_Device_Library/Core/Src/usbd_core.o
                0x0800c5aa                USBD_ClrClassConfig
 .text.USBD_LL_SetupStage
                0x0800c5de       0xaa ./Middlewares/ST/STM32_USB_Device_Library/Core/Src/usbd_core.o
                0x0800c5de                USBD_LL_SetupStage
 .text.USBD_LL_DataOutStage
                0x0800c688      0x166 ./Middlewares/ST/STM32_USB_Device_Library/Core/Src/usbd_core.o
                0x0800c688                USBD_LL_DataOutStage
 .text.USBD_LL_DataInStage
                0x0800c7ee      0x164 ./Middlewares/ST/STM32_USB_Device_Library/Core/Src/usbd_core.o
                0x0800c7ee                USBD_LL_DataInStage
 .text.USBD_LL_Reset
                0x0800c952       0xa4 ./Middlewares/ST/STM32_USB_Device_Library/Core/Src/usbd_core.o
                0x0800c952                USBD_LL_Reset
 .text.USBD_LL_SetSpeed
                0x0800c9f6       0x20 ./Middlewares/ST/STM32_USB_Device_Library/Core/Src/usbd_core.o
                0x0800c9f6                USBD_LL_SetSpeed
 .text.USBD_LL_Suspend
                0x0800ca16       0x38 ./Middlewares/ST/STM32_USB_Device_Library/Core/Src/usbd_core.o
                0x0800ca16                USBD_LL_Suspend
 .text.USBD_LL_Resume
                0x0800ca4e       0x30 ./Middlewares/ST/STM32_USB_Device_Library/Core/Src/usbd_core.o
                0x0800ca4e                USBD_LL_Resume
 .text.USBD_LL_SOF
                0x0800ca7e       0x40 ./Middlewares/ST/STM32_USB_Device_Library/Core/Src/usbd_core.o
                0x0800ca7e                USBD_LL_SOF
 .text.USBD_LL_IsoINIncomplete
                0x0800cabe       0x64 ./Middlewares/ST/STM32_USB_Device_Library/Core/Src/usbd_core.o
                0x0800cabe                USBD_LL_IsoINIncomplete
 .text.USBD_LL_IsoOUTIncomplete
                0x0800cb22       0x64 ./Middlewares/ST/STM32_USB_Device_Library/Core/Src/usbd_core.o
                0x0800cb22                USBD_LL_IsoOUTIncomplete
 .text.USBD_LL_DevConnected
                0x0800cb86       0x16 ./Middlewares/ST/STM32_USB_Device_Library/Core/Src/usbd_core.o
                0x0800cb86                USBD_LL_DevConnected
 .text.USBD_LL_DevDisconnected
                0x0800cb9c       0x46 ./Middlewares/ST/STM32_USB_Device_Library/Core/Src/usbd_core.o
                0x0800cb9c                USBD_LL_DevDisconnected
 .text.USBD_CoreFindIF
                0x0800cbe2       0x1a ./Middlewares/ST/STM32_USB_Device_Library/Core/Src/usbd_core.o
                0x0800cbe2                USBD_CoreFindIF
 .text.USBD_CoreFindEP
                0x0800cbfc       0x1a ./Middlewares/ST/STM32_USB_Device_Library/Core/Src/usbd_core.o
                0x0800cbfc                USBD_CoreFindEP
 .text.USBD_GetEpDesc
                0x0800cc16       0x70 ./Middlewares/ST/STM32_USB_Device_Library/Core/Src/usbd_core.o
                0x0800cc16                USBD_GetEpDesc
 .text.USBD_GetNextDesc
                0x0800cc86       0x38 ./Middlewares/ST/STM32_USB_Device_Library/Core/Src/usbd_core.o
                0x0800cc86                USBD_GetNextDesc
 .text.SWAPBYTE
                0x0800ccbe       0x3c ./Middlewares/ST/STM32_USB_Device_Library/Core/Src/usbd_ctlreq.o
 *fill*         0x0800ccfa        0x2 
 .text.USBD_StdDevReq
                0x0800ccfc       0xe4 ./Middlewares/ST/STM32_USB_Device_Library/Core/Src/usbd_ctlreq.o
                0x0800ccfc                USBD_StdDevReq
 .text.USBD_StdItfReq
                0x0800cde0       0xd8 ./Middlewares/ST/STM32_USB_Device_Library/Core/Src/usbd_ctlreq.o
                0x0800cde0                USBD_StdItfReq
 .text.USBD_StdEPReq
                0x0800ceb8      0x33a ./Middlewares/ST/STM32_USB_Device_Library/Core/Src/usbd_ctlreq.o
                0x0800ceb8                USBD_StdEPReq
 *fill*         0x0800d1f2        0x2 
 .text.USBD_GetDescriptor
                0x0800d1f4      0x328 ./Middlewares/ST/STM32_USB_Device_Library/Core/Src/usbd_ctlreq.o
 .text.USBD_SetAddress
                0x0800d51c       0x88 ./Middlewares/ST/STM32_USB_Device_Library/Core/Src/usbd_ctlreq.o
 .text.USBD_SetConfig
                0x0800d5a4      0x154 ./Middlewares/ST/STM32_USB_Device_Library/Core/Src/usbd_ctlreq.o
 .text.USBD_GetConfig
                0x0800d6f8       0x6c ./Middlewares/ST/STM32_USB_Device_Library/Core/Src/usbd_ctlreq.o
 .text.USBD_GetStatus
                0x0800d764       0x68 ./Middlewares/ST/STM32_USB_Device_Library/Core/Src/usbd_ctlreq.o
 .text.USBD_SetFeature
                0x0800d7cc       0x52 ./Middlewares/ST/STM32_USB_Device_Library/Core/Src/usbd_ctlreq.o
 .text.USBD_ClrFeature
                0x0800d81e       0x44 ./Middlewares/ST/STM32_USB_Device_Library/Core/Src/usbd_ctlreq.o
 .text.USBD_ParseSetupRequest
                0x0800d862       0x74 ./Middlewares/ST/STM32_USB_Device_Library/Core/Src/usbd_ctlreq.o
                0x0800d862                USBD_ParseSetupRequest
 .text.USBD_CtlError
                0x0800d8d6       0x22 ./Middlewares/ST/STM32_USB_Device_Library/Core/Src/usbd_ctlreq.o
                0x0800d8d6                USBD_CtlError
 .text.USBD_GetString
                0x0800d8f8       0xa4 ./Middlewares/ST/STM32_USB_Device_Library/Core/Src/usbd_ctlreq.o
                0x0800d8f8                USBD_GetString
 .text.USBD_GetLen
                0x0800d99c       0x34 ./Middlewares/ST/STM32_USB_Device_Library/Core/Src/usbd_ctlreq.o
 .text.USBD_CtlSendData
                0x0800d9d0       0x36 ./Middlewares/ST/STM32_USB_Device_Library/Core/Src/usbd_ioreq.o
                0x0800d9d0                USBD_CtlSendData
 .text.USBD_CtlContinueSendData
                0x0800da06       0x22 ./Middlewares/ST/STM32_USB_Device_Library/Core/Src/usbd_ioreq.o
                0x0800da06                USBD_CtlContinueSendData
 .text.USBD_CtlPrepareRx
                0x0800da28       0x3a ./Middlewares/ST/STM32_USB_Device_Library/Core/Src/usbd_ioreq.o
                0x0800da28                USBD_CtlPrepareRx
 .text.USBD_CtlContinueRx
                0x0800da62       0x22 ./Middlewares/ST/STM32_USB_Device_Library/Core/Src/usbd_ioreq.o
                0x0800da62                USBD_CtlContinueRx
 .text.USBD_CtlSendStatus
                0x0800da84       0x26 ./Middlewares/ST/STM32_USB_Device_Library/Core/Src/usbd_ioreq.o
                0x0800da84                USBD_CtlSendStatus
 .text.USBD_CtlReceiveStatus
                0x0800daaa       0x26 ./Middlewares/ST/STM32_USB_Device_Library/Core/Src/usbd_ioreq.o
                0x0800daaa                USBD_CtlReceiveStatus
 .text.MX_USB_DEVICE_Init
                0x0800dad0       0x64 ./USB_DEVICE/App/usb_device.o
                0x0800dad0                MX_USB_DEVICE_Init
 .text.myPrintf
                0x0800db34       0x58 ./USB_DEVICE/App/usbd_cdc_if.o
                0x0800db34                myPrintf
 .text.CDC_Init_FS
                0x0800db8c       0x28 ./USB_DEVICE/App/usbd_cdc_if.o
 .text.CDC_DeInit_FS
                0x0800dbb4       0x10 ./USB_DEVICE/App/usbd_cdc_if.o
 .text.CDC_Control_FS
                0x0800dbc4       0xbc ./USB_DEVICE/App/usbd_cdc_if.o
 .text.CDC_Receive_FS
                0x0800dc80      0x1e0 ./USB_DEVICE/App/usbd_cdc_if.o
 .text.CDC_Transmit_FS
                0x0800de60       0x4c ./USB_DEVICE/App/usbd_cdc_if.o
                0x0800de60                CDC_Transmit_FS
 .text.CDC_TransmitCplt_FS
                0x0800deac       0x22 ./USB_DEVICE/App/usbd_cdc_if.o
 .text.compare_buf
                0x0800dece       0x84 ./USB_DEVICE/App/usbd_cdc_if.o
                0x0800dece                compare_buf
 *fill*         0x0800df52        0x2 
 .text.USBD_FS_DeviceDescriptor
                0x0800df54       0x24 ./USB_DEVICE/App/usbd_desc.o
                0x0800df54                USBD_FS_DeviceDescriptor
 .text.USBD_FS_LangIDStrDescriptor
                0x0800df78       0x24 ./USB_DEVICE/App/usbd_desc.o
                0x0800df78                USBD_FS_LangIDStrDescriptor
 .text.USBD_FS_ProductStrDescriptor
                0x0800df9c       0x3c ./USB_DEVICE/App/usbd_desc.o
                0x0800df9c                USBD_FS_ProductStrDescriptor
 .text.USBD_FS_ManufacturerStrDescriptor
                0x0800dfd8       0x28 ./USB_DEVICE/App/usbd_desc.o
                0x0800dfd8                USBD_FS_ManufacturerStrDescriptor
 .text.USBD_FS_SerialStrDescriptor
                0x0800e000       0x24 ./USB_DEVICE/App/usbd_desc.o
                0x0800e000                USBD_FS_SerialStrDescriptor
 .text.USBD_FS_ConfigStrDescriptor
                0x0800e024       0x3c ./USB_DEVICE/App/usbd_desc.o
                0x0800e024                USBD_FS_ConfigStrDescriptor
 .text.USBD_FS_InterfaceStrDescriptor
                0x0800e060       0x3c ./USB_DEVICE/App/usbd_desc.o
                0x0800e060                USBD_FS_InterfaceStrDescriptor
 .text.Get_SerialNum
                0x0800e09c       0x58 ./USB_DEVICE/App/usbd_desc.o
 .text.IntToUnicode
                0x0800e0f4       0x7e ./USB_DEVICE/App/usbd_desc.o
 *fill*         0x0800e172        0x2 
 .text.HAL_PCD_MspInit
                0x0800e174       0xe8 ./USB_DEVICE/Target/usbd_conf.o
                0x0800e174                HAL_PCD_MspInit
 .text.HAL_PCD_SetupStageCallback
                0x0800e25c       0x24 ./USB_DEVICE/Target/usbd_conf.o
                0x0800e25c                HAL_PCD_SetupStageCallback
 .text.HAL_PCD_DataOutStageCallback
                0x0800e280       0x36 ./USB_DEVICE/Target/usbd_conf.o
                0x0800e280                HAL_PCD_DataOutStageCallback
 .text.HAL_PCD_DataInStageCallback
                0x0800e2b6       0x34 ./USB_DEVICE/Target/usbd_conf.o
                0x0800e2b6                HAL_PCD_DataInStageCallback
 .text.HAL_PCD_SOFCallback
                0x0800e2ea       0x1c ./USB_DEVICE/Target/usbd_conf.o
                0x0800e2ea                HAL_PCD_SOFCallback
 .text.HAL_PCD_ResetCallback
                0x0800e306       0x50 ./USB_DEVICE/Target/usbd_conf.o
                0x0800e306                HAL_PCD_ResetCallback
 *fill*         0x0800e356        0x2 
 .text.HAL_PCD_SuspendCallback
                0x0800e358       0x4c ./USB_DEVICE/Target/usbd_conf.o
                0x0800e358                HAL_PCD_SuspendCallback
 .text.HAL_PCD_ResumeCallback
                0x0800e3a4       0x1c ./USB_DEVICE/Target/usbd_conf.o
                0x0800e3a4                HAL_PCD_ResumeCallback
 .text.HAL_PCD_ISOOUTIncompleteCallback
                0x0800e3c0       0x24 ./USB_DEVICE/Target/usbd_conf.o
                0x0800e3c0                HAL_PCD_ISOOUTIncompleteCallback
 .text.HAL_PCD_ISOINIncompleteCallback
                0x0800e3e4       0x24 ./USB_DEVICE/Target/usbd_conf.o
                0x0800e3e4                HAL_PCD_ISOINIncompleteCallback
 .text.HAL_PCD_ConnectCallback
                0x0800e408       0x1c ./USB_DEVICE/Target/usbd_conf.o
                0x0800e408                HAL_PCD_ConnectCallback
 .text.HAL_PCD_DisconnectCallback
                0x0800e424       0x1c ./USB_DEVICE/Target/usbd_conf.o
                0x0800e424                HAL_PCD_DisconnectCallback
 .text.USBD_LL_Init
                0x0800e440       0xa0 ./USB_DEVICE/Target/usbd_conf.o
                0x0800e440                USBD_LL_Init
 .text.USBD_LL_Start
                0x0800e4e0       0x36 ./USB_DEVICE/Target/usbd_conf.o
                0x0800e4e0                USBD_LL_Start
 .text.USBD_LL_OpenEP
                0x0800e516       0x4c ./USB_DEVICE/Target/usbd_conf.o
                0x0800e516                USBD_LL_OpenEP
 .text.USBD_LL_CloseEP
                0x0800e562       0x3e ./USB_DEVICE/Target/usbd_conf.o
                0x0800e562                USBD_LL_CloseEP
 .text.USBD_LL_StallEP
                0x0800e5a0       0x3e ./USB_DEVICE/Target/usbd_conf.o
                0x0800e5a0                USBD_LL_StallEP
 .text.USBD_LL_ClearStallEP
                0x0800e5de       0x3e ./USB_DEVICE/Target/usbd_conf.o
                0x0800e5de                USBD_LL_ClearStallEP
 .text.USBD_LL_IsStallEP
                0x0800e61c       0x58 ./USB_DEVICE/Target/usbd_conf.o
                0x0800e61c                USBD_LL_IsStallEP
 .text.USBD_LL_SetUSBAddress
                0x0800e674       0x3e ./USB_DEVICE/Target/usbd_conf.o
                0x0800e674                USBD_LL_SetUSBAddress
 .text.USBD_LL_Transmit
                0x0800e6b2       0x42 ./USB_DEVICE/Target/usbd_conf.o
                0x0800e6b2                USBD_LL_Transmit
 .text.USBD_LL_PrepareReceive
                0x0800e6f4       0x42 ./USB_DEVICE/Target/usbd_conf.o
                0x0800e6f4                USBD_LL_PrepareReceive
 .text.USBD_LL_GetRxDataSize
                0x0800e736       0x26 ./USB_DEVICE/Target/usbd_conf.o
                0x0800e736                USBD_LL_GetRxDataSize
 .text.USBD_static_malloc
                0x0800e75c       0x1c ./USB_DEVICE/Target/usbd_conf.o
                0x0800e75c                USBD_static_malloc
 .text.USBD_static_free
                0x0800e778       0x14 ./USB_DEVICE/Target/usbd_conf.o
                0x0800e778                USBD_static_free
 .text.USBD_Get_USB_Status
                0x0800e78c       0x58 ./USB_DEVICE/Target/usbd_conf.o
                0x0800e78c                USBD_Get_USB_Status
 .text.__cvt    0x0800e7e4       0xa8 C:/ST/STM32CubeIDE_1.16.1/STM32CubeIDE/plugins/com.st.stm32cube.ide.mcu.externaltools.gnu-tools-for-stm32.12.3.rel1.win32_1.0.200.202406191623/tools/bin/../lib/gcc/arm-none-eabi/12.3.1/../../../../arm-none-eabi/lib/thumb/v7e-m+dp/hard\libc_nano.a(libc_a-nano-vfprintf_float.o)
                0x0800e7e4                __cvt
 .text.__exponent
                0x0800e88c       0x74 C:/ST/STM32CubeIDE_1.16.1/STM32CubeIDE/plugins/com.st.stm32cube.ide.mcu.externaltools.gnu-tools-for-stm32.12.3.rel1.win32_1.0.200.202406191623/tools/bin/../lib/gcc/arm-none-eabi/12.3.1/../../../../arm-none-eabi/lib/thumb/v7e-m+dp/hard\libc_nano.a(libc_a-nano-vfprintf_float.o)
                0x0800e88c                __exponent
 .text._printf_float
                0x0800e900      0x434 C:/ST/STM32CubeIDE_1.16.1/STM32CubeIDE/plugins/com.st.stm32cube.ide.mcu.externaltools.gnu-tools-for-stm32.12.3.rel1.win32_1.0.200.202406191623/tools/bin/../lib/gcc/arm-none-eabi/12.3.1/../../../../arm-none-eabi/lib/thumb/v7e-m+dp/hard\libc_nano.a(libc_a-nano-vfprintf_float.o)
                0x0800e900                _printf_float
 .text._printf_common
                0x0800ed34       0xda C:/ST/STM32CubeIDE_1.16.1/STM32CubeIDE/plugins/com.st.stm32cube.ide.mcu.externaltools.gnu-tools-for-stm32.12.3.rel1.win32_1.0.200.202406191623/tools/bin/../lib/gcc/arm-none-eabi/12.3.1/../../../../arm-none-eabi/lib/thumb/v7e-m+dp/hard\libc_nano.a(libc_a-nano-vfprintf_i.o)
                0x0800ed34                _printf_common
 *fill*         0x0800ee0e        0x2 
 .text._printf_i
                0x0800ee10      0x240 C:/ST/STM32CubeIDE_1.16.1/STM32CubeIDE/plugins/com.st.stm32cube.ide.mcu.externaltools.gnu-tools-for-stm32.12.3.rel1.win32_1.0.200.202406191623/tools/bin/../lib/gcc/arm-none-eabi/12.3.1/../../../../arm-none-eabi/lib/thumb/v7e-m+dp/hard\libc_nano.a(libc_a-nano-vfprintf_i.o)
                0x0800ee10                _printf_i
 .text._scanf_float
                0x0800f050      0x418 C:/ST/STM32CubeIDE_1.16.1/STM32CubeIDE/plugins/com.st.stm32cube.ide.mcu.externaltools.gnu-tools-for-stm32.12.3.rel1.win32_1.0.200.202406191623/tools/bin/../lib/gcc/arm-none-eabi/12.3.1/../../../../arm-none-eabi/lib/thumb/v7e-m+dp/hard\libc_nano.a(libc_a-nano-vfscanf_float.o)
                0x0800f050                _scanf_float
 .text.std      0x0800f468       0x6c C:/ST/STM32CubeIDE_1.16.1/STM32CubeIDE/plugins/com.st.stm32cube.ide.mcu.externaltools.gnu-tools-for-stm32.12.3.rel1.win32_1.0.200.202406191623/tools/bin/../lib/gcc/arm-none-eabi/12.3.1/../../../../arm-none-eabi/lib/thumb/v7e-m+dp/hard\libc_nano.a(libc_a-findfp.o)
 .text.stdio_exit_handler
                0x0800f4d4       0x18 C:/ST/STM32CubeIDE_1.16.1/STM32CubeIDE/plugins/com.st.stm32cube.ide.mcu.externaltools.gnu-tools-for-stm32.12.3.rel1.win32_1.0.200.202406191623/tools/bin/../lib/gcc/arm-none-eabi/12.3.1/../../../../arm-none-eabi/lib/thumb/v7e-m+dp/hard\libc_nano.a(libc_a-findfp.o)
 .text.cleanup_stdio
                0x0800f4ec       0x40 C:/ST/STM32CubeIDE_1.16.1/STM32CubeIDE/plugins/com.st.stm32cube.ide.mcu.externaltools.gnu-tools-for-stm32.12.3.rel1.win32_1.0.200.202406191623/tools/bin/../lib/gcc/arm-none-eabi/12.3.1/../../../../arm-none-eabi/lib/thumb/v7e-m+dp/hard\libc_nano.a(libc_a-findfp.o)
 .text.global_stdio_init.part.0
                0x0800f52c       0x3c C:/ST/STM32CubeIDE_1.16.1/STM32CubeIDE/plugins/com.st.stm32cube.ide.mcu.externaltools.gnu-tools-for-stm32.12.3.rel1.win32_1.0.200.202406191623/tools/bin/../lib/gcc/arm-none-eabi/12.3.1/../../../../arm-none-eabi/lib/thumb/v7e-m+dp/hard\libc_nano.a(libc_a-findfp.o)
 .text.__sfp_lock_acquire
                0x0800f568        0xc C:/ST/STM32CubeIDE_1.16.1/STM32CubeIDE/plugins/com.st.stm32cube.ide.mcu.externaltools.gnu-tools-for-stm32.12.3.rel1.win32_1.0.200.202406191623/tools/bin/../lib/gcc/arm-none-eabi/12.3.1/../../../../arm-none-eabi/lib/thumb/v7e-m+dp/hard\libc_nano.a(libc_a-findfp.o)
                0x0800f568                __sfp_lock_acquire
 .text.__sfp_lock_release
                0x0800f574        0xc C:/ST/STM32CubeIDE_1.16.1/STM32CubeIDE/plugins/com.st.stm32cube.ide.mcu.externaltools.gnu-tools-for-stm32.12.3.rel1.win32_1.0.200.202406191623/tools/bin/../lib/gcc/arm-none-eabi/12.3.1/../../../../arm-none-eabi/lib/thumb/v7e-m+dp/hard\libc_nano.a(libc_a-findfp.o)
                0x0800f574                __sfp_lock_release
 .text.__sinit  0x0800f580       0x30 C:/ST/STM32CubeIDE_1.16.1/STM32CubeIDE/plugins/com.st.stm32cube.ide.mcu.externaltools.gnu-tools-for-stm32.12.3.rel1.win32_1.0.200.202406191623/tools/bin/../lib/gcc/arm-none-eabi/12.3.1/../../../../arm-none-eabi/lib/thumb/v7e-m+dp/hard\libc_nano.a(libc_a-findfp.o)
                0x0800f580                __sinit
 .text._fwalk_sglue
                0x0800f5b0       0x3c C:/ST/STM32CubeIDE_1.16.1/STM32CubeIDE/plugins/com.st.stm32cube.ide.mcu.externaltools.gnu-tools-for-stm32.12.3.rel1.win32_1.0.200.202406191623/tools/bin/../lib/gcc/arm-none-eabi/12.3.1/../../../../arm-none-eabi/lib/thumb/v7e-m+dp/hard\libc_nano.a(libc_a-fwalk.o)
                0x0800f5b0                _fwalk_sglue
 .text.sprintf  0x0800f5ec       0x40 C:/ST/STM32CubeIDE_1.16.1/STM32CubeIDE/plugins/com.st.stm32cube.ide.mcu.externaltools.gnu-tools-for-stm32.12.3.rel1.win32_1.0.200.202406191623/tools/bin/../lib/gcc/arm-none-eabi/12.3.1/../../../../arm-none-eabi/lib/thumb/v7e-m+dp/hard\libc_nano.a(libc_a-sprintf.o)
                0x0800f5ec                siprintf
                0x0800f5ec                sprintf
 .text.__sread  0x0800f62c       0x22 C:/ST/STM32CubeIDE_1.16.1/STM32CubeIDE/plugins/com.st.stm32cube.ide.mcu.externaltools.gnu-tools-for-stm32.12.3.rel1.win32_1.0.200.202406191623/tools/bin/../lib/gcc/arm-none-eabi/12.3.1/../../../../arm-none-eabi/lib/thumb/v7e-m+dp/hard\libc_nano.a(libc_a-stdio.o)
                0x0800f62c                __sread
 .text.__swrite
                0x0800f64e       0x38 C:/ST/STM32CubeIDE_1.16.1/STM32CubeIDE/plugins/com.st.stm32cube.ide.mcu.externaltools.gnu-tools-for-stm32.12.3.rel1.win32_1.0.200.202406191623/tools/bin/../lib/gcc/arm-none-eabi/12.3.1/../../../../arm-none-eabi/lib/thumb/v7e-m+dp/hard\libc_nano.a(libc_a-stdio.o)
                0x0800f64e                __swrite
 .text.__sseek  0x0800f686       0x24 C:/ST/STM32CubeIDE_1.16.1/STM32CubeIDE/plugins/com.st.stm32cube.ide.mcu.externaltools.gnu-tools-for-stm32.12.3.rel1.win32_1.0.200.202406191623/tools/bin/../lib/gcc/arm-none-eabi/12.3.1/../../../../arm-none-eabi/lib/thumb/v7e-m+dp/hard\libc_nano.a(libc_a-stdio.o)
                0x0800f686                __sseek
 .text.__sclose
                0x0800f6aa        0x8 C:/ST/STM32CubeIDE_1.16.1/STM32CubeIDE/plugins/com.st.stm32cube.ide.mcu.externaltools.gnu-tools-for-stm32.12.3.rel1.win32_1.0.200.202406191623/tools/bin/../lib/gcc/arm-none-eabi/12.3.1/../../../../arm-none-eabi/lib/thumb/v7e-m+dp/hard\libc_nano.a(libc_a-stdio.o)
                0x0800f6aa                __sclose
 *fill*         0x0800f6b2        0x2 
 .text._vsprintf_r
                0x0800f6b4       0x2c C:/ST/STM32CubeIDE_1.16.1/STM32CubeIDE/plugins/com.st.stm32cube.ide.mcu.externaltools.gnu-tools-for-stm32.12.3.rel1.win32_1.0.200.202406191623/tools/bin/../lib/gcc/arm-none-eabi/12.3.1/../../../../arm-none-eabi/lib/thumb/v7e-m+dp/hard\libc_nano.a(libc_a-vsprintf.o)
                0x0800f6b4                _vsprintf_r
                0x0800f6b4                _vsiprintf_r
 .text.vsprintf
                0x0800f6e0       0x14 C:/ST/STM32CubeIDE_1.16.1/STM32CubeIDE/plugins/com.st.stm32cube.ide.mcu.externaltools.gnu-tools-for-stm32.12.3.rel1.win32_1.0.200.202406191623/tools/bin/../lib/gcc/arm-none-eabi/12.3.1/../../../../arm-none-eabi/lib/thumb/v7e-m+dp/hard\libc_nano.a(libc_a-vsprintf.o)
                0x0800f6e0                vsiprintf
                0x0800f6e0                vsprintf
 .text.memset   0x0800f6f4       0x10 C:/ST/STM32CubeIDE_1.16.1/STM32CubeIDE/plugins/com.st.stm32cube.ide.mcu.externaltools.gnu-tools-for-stm32.12.3.rel1.win32_1.0.200.202406191623/tools/bin/../lib/gcc/arm-none-eabi/12.3.1/../../../../arm-none-eabi/lib/thumb/v7e-m+dp/hard\libc_nano.a(libc_a-memset.o)
                0x0800f6f4                memset
 .text._localeconv_r
                0x0800f704        0x8 C:/ST/STM32CubeIDE_1.16.1/STM32CubeIDE/plugins/com.st.stm32cube.ide.mcu.externaltools.gnu-tools-for-stm32.12.3.rel1.win32_1.0.200.202406191623/tools/bin/../lib/gcc/arm-none-eabi/12.3.1/../../../../arm-none-eabi/lib/thumb/v7e-m+dp/hard\libc_nano.a(libc_a-localeconv.o)
                0x0800f704                _localeconv_r
 .text._close_r
                0x0800f70c       0x20 C:/ST/STM32CubeIDE_1.16.1/STM32CubeIDE/plugins/com.st.stm32cube.ide.mcu.externaltools.gnu-tools-for-stm32.12.3.rel1.win32_1.0.200.202406191623/tools/bin/../lib/gcc/arm-none-eabi/12.3.1/../../../../arm-none-eabi/lib/thumb/v7e-m+dp/hard\libc_nano.a(libc_a-closer.o)
                0x0800f70c                _close_r
 .text._lseek_r
                0x0800f72c       0x24 C:/ST/STM32CubeIDE_1.16.1/STM32CubeIDE/plugins/com.st.stm32cube.ide.mcu.externaltools.gnu-tools-for-stm32.12.3.rel1.win32_1.0.200.202406191623/tools/bin/../lib/gcc/arm-none-eabi/12.3.1/../../../../arm-none-eabi/lib/thumb/v7e-m+dp/hard\libc_nano.a(libc_a-lseekr.o)
                0x0800f72c                _lseek_r
 .text._read_r  0x0800f750       0x24 C:/ST/STM32CubeIDE_1.16.1/STM32CubeIDE/plugins/com.st.stm32cube.ide.mcu.externaltools.gnu-tools-for-stm32.12.3.rel1.win32_1.0.200.202406191623/tools/bin/../lib/gcc/arm-none-eabi/12.3.1/../../../../arm-none-eabi/lib/thumb/v7e-m+dp/hard\libc_nano.a(libc_a-readr.o)
                0x0800f750                _read_r
 .text._write_r
                0x0800f774       0x24 C:/ST/STM32CubeIDE_1.16.1/STM32CubeIDE/plugins/com.st.stm32cube.ide.mcu.externaltools.gnu-tools-for-stm32.12.3.rel1.win32_1.0.200.202406191623/tools/bin/../lib/gcc/arm-none-eabi/12.3.1/../../../../arm-none-eabi/lib/thumb/v7e-m+dp/hard\libc_nano.a(libc_a-writer.o)
                0x0800f774                _write_r
 .text.__errno  0x0800f798        0xc C:/ST/STM32CubeIDE_1.16.1/STM32CubeIDE/plugins/com.st.stm32cube.ide.mcu.externaltools.gnu-tools-for-stm32.12.3.rel1.win32_1.0.200.202406191623/tools/bin/../lib/gcc/arm-none-eabi/12.3.1/../../../../arm-none-eabi/lib/thumb/v7e-m+dp/hard\libc_nano.a(libc_a-errno.o)
                0x0800f798                __errno
 .text.__libc_init_array
                0x0800f7a4       0x48 C:/ST/STM32CubeIDE_1.16.1/STM32CubeIDE/plugins/com.st.stm32cube.ide.mcu.externaltools.gnu-tools-for-stm32.12.3.rel1.win32_1.0.200.202406191623/tools/bin/../lib/gcc/arm-none-eabi/12.3.1/../../../../arm-none-eabi/lib/thumb/v7e-m+dp/hard\libc_nano.a(libc_a-init.o)
                0x0800f7a4                __libc_init_array
 .text.__retarget_lock_init_recursive
                0x0800f7ec        0x2 C:/ST/STM32CubeIDE_1.16.1/STM32CubeIDE/plugins/com.st.stm32cube.ide.mcu.externaltools.gnu-tools-for-stm32.12.3.rel1.win32_1.0.200.202406191623/tools/bin/../lib/gcc/arm-none-eabi/12.3.1/../../../../arm-none-eabi/lib/thumb/v7e-m+dp/hard\libc_nano.a(libc_a-lock.o)
                0x0800f7ec                __retarget_lock_init_recursive
 .text.__retarget_lock_acquire_recursive
                0x0800f7ee        0x2 C:/ST/STM32CubeIDE_1.16.1/STM32CubeIDE/plugins/com.st.stm32cube.ide.mcu.externaltools.gnu-tools-for-stm32.12.3.rel1.win32_1.0.200.202406191623/tools/bin/../lib/gcc/arm-none-eabi/12.3.1/../../../../arm-none-eabi/lib/thumb/v7e-m+dp/hard\libc_nano.a(libc_a-lock.o)
                0x0800f7ee                __retarget_lock_acquire_recursive
 .text.__retarget_lock_release_recursive
                0x0800f7f0        0x2 C:/ST/STM32CubeIDE_1.16.1/STM32CubeIDE/plugins/com.st.stm32cube.ide.mcu.externaltools.gnu-tools-for-stm32.12.3.rel1.win32_1.0.200.202406191623/tools/bin/../lib/gcc/arm-none-eabi/12.3.1/../../../../arm-none-eabi/lib/thumb/v7e-m+dp/hard\libc_nano.a(libc_a-lock.o)
                0x0800f7f0                __retarget_lock_release_recursive
 .text.strcpy   0x0800f7f2       0x10 C:/ST/STM32CubeIDE_1.16.1/STM32CubeIDE/plugins/com.st.stm32cube.ide.mcu.externaltools.gnu-tools-for-stm32.12.3.rel1.win32_1.0.200.202406191623/tools/bin/../lib/gcc/arm-none-eabi/12.3.1/../../../../arm-none-eabi/lib/thumb/v7e-m+dp/hard\libc_nano.a(libc_a-strcpy.o)
                0x0800f7f2                strcpy
 *fill*         0x0800f802        0x2 
 .text.nanf     0x0800f804        0xc C:/ST/STM32CubeIDE_1.16.1/STM32CubeIDE/plugins/com.st.stm32cube.ide.mcu.externaltools.gnu-tools-for-stm32.12.3.rel1.win32_1.0.200.202406191623/tools/bin/../lib/gcc/arm-none-eabi/12.3.1/../../../../arm-none-eabi/lib/thumb/v7e-m+dp/hard\libc_nano.a(libm_a-sf_nan.o)
                0x0800f804                nanf
 .text.quorem   0x0800f810      0x110 C:/ST/STM32CubeIDE_1.16.1/STM32CubeIDE/plugins/com.st.stm32cube.ide.mcu.externaltools.gnu-tools-for-stm32.12.3.rel1.win32_1.0.200.202406191623/tools/bin/../lib/gcc/arm-none-eabi/12.3.1/../../../../arm-none-eabi/lib/thumb/v7e-m+dp/hard\libc_nano.a(libc_a-dtoa.o)
 .text._dtoa_r  0x0800f920      0xaac C:/ST/STM32CubeIDE_1.16.1/STM32CubeIDE/plugins/com.st.stm32cube.ide.mcu.externaltools.gnu-tools-for-stm32.12.3.rel1.win32_1.0.200.202406191623/tools/bin/../lib/gcc/arm-none-eabi/12.3.1/../../../../arm-none-eabi/lib/thumb/v7e-m+dp/hard\libc_nano.a(libc_a-dtoa.o)
                0x0800f920                _dtoa_r
 .text._free_r  0x080103cc       0x94 C:/ST/STM32CubeIDE_1.16.1/STM32CubeIDE/plugins/com.st.stm32cube.ide.mcu.externaltools.gnu-tools-for-stm32.12.3.rel1.win32_1.0.200.202406191623/tools/bin/../lib/gcc/arm-none-eabi/12.3.1/../../../../arm-none-eabi/lib/thumb/v7e-m+dp/hard\libc_nano.a(libc_a-freer.o)
                0x080103cc                _free_r
 .text.malloc   0x08010460       0x10 C:/ST/STM32CubeIDE_1.16.1/STM32CubeIDE/plugins/com.st.stm32cube.ide.mcu.externaltools.gnu-tools-for-stm32.12.3.rel1.win32_1.0.200.202406191623/tools/bin/../lib/gcc/arm-none-eabi/12.3.1/../../../../arm-none-eabi/lib/thumb/v7e-m+dp/hard\libc_nano.a(libc_a-malloc.o)
                0x08010460                malloc
 .text.sbrk_aligned
                0x08010470       0x44 C:/ST/STM32CubeIDE_1.16.1/STM32CubeIDE/plugins/com.st.stm32cube.ide.mcu.externaltools.gnu-tools-for-stm32.12.3.rel1.win32_1.0.200.202406191623/tools/bin/../lib/gcc/arm-none-eabi/12.3.1/../../../../arm-none-eabi/lib/thumb/v7e-m+dp/hard\libc_nano.a(libc_a-mallocr.o)
 .text._malloc_r
                0x080104b4      0x100 C:/ST/STM32CubeIDE_1.16.1/STM32CubeIDE/plugins/com.st.stm32cube.ide.mcu.externaltools.gnu-tools-for-stm32.12.3.rel1.win32_1.0.200.202406191623/tools/bin/../lib/gcc/arm-none-eabi/12.3.1/../../../../arm-none-eabi/lib/thumb/v7e-m+dp/hard\libc_nano.a(libc_a-mallocr.o)
                0x080104b4                _malloc_r
 .text.__malloc_lock
                0x080105b4        0xc C:/ST/STM32CubeIDE_1.16.1/STM32CubeIDE/plugins/com.st.stm32cube.ide.mcu.externaltools.gnu-tools-for-stm32.12.3.rel1.win32_1.0.200.202406191623/tools/bin/../lib/gcc/arm-none-eabi/12.3.1/../../../../arm-none-eabi/lib/thumb/v7e-m+dp/hard\libc_nano.a(libc_a-mlock.o)
                0x080105b4                __malloc_lock
 .text.__malloc_unlock
                0x080105c0        0xc C:/ST/STM32CubeIDE_1.16.1/STM32CubeIDE/plugins/com.st.stm32cube.ide.mcu.externaltools.gnu-tools-for-stm32.12.3.rel1.win32_1.0.200.202406191623/tools/bin/../lib/gcc/arm-none-eabi/12.3.1/../../../../arm-none-eabi/lib/thumb/v7e-m+dp/hard\libc_nano.a(libc_a-mlock.o)
                0x080105c0                __malloc_unlock
 .text._Balloc  0x080105cc       0x80 C:/ST/STM32CubeIDE_1.16.1/STM32CubeIDE/plugins/com.st.stm32cube.ide.mcu.externaltools.gnu-tools-for-stm32.12.3.rel1.win32_1.0.200.202406191623/tools/bin/../lib/gcc/arm-none-eabi/12.3.1/../../../../arm-none-eabi/lib/thumb/v7e-m+dp/hard\libc_nano.a(libc_a-mprec.o)
                0x080105cc                _Balloc
 .text._Bfree   0x0801064c       0x44 C:/ST/STM32CubeIDE_1.16.1/STM32CubeIDE/plugins/com.st.stm32cube.ide.mcu.externaltools.gnu-tools-for-stm32.12.3.rel1.win32_1.0.200.202406191623/tools/bin/../lib/gcc/arm-none-eabi/12.3.1/../../../../arm-none-eabi/lib/thumb/v7e-m+dp/hard\libc_nano.a(libc_a-mprec.o)
                0x0801064c                _Bfree
 .text.__multadd
                0x08010690       0x8c C:/ST/STM32CubeIDE_1.16.1/STM32CubeIDE/plugins/com.st.stm32cube.ide.mcu.externaltools.gnu-tools-for-stm32.12.3.rel1.win32_1.0.200.202406191623/tools/bin/../lib/gcc/arm-none-eabi/12.3.1/../../../../arm-none-eabi/lib/thumb/v7e-m+dp/hard\libc_nano.a(libc_a-mprec.o)
                0x08010690                __multadd
 .text.__s2b    0x0801071c       0x94 C:/ST/STM32CubeIDE_1.16.1/STM32CubeIDE/plugins/com.st.stm32cube.ide.mcu.externaltools.gnu-tools-for-stm32.12.3.rel1.win32_1.0.200.202406191623/tools/bin/../lib/gcc/arm-none-eabi/12.3.1/../../../../arm-none-eabi/lib/thumb/v7e-m+dp/hard\libc_nano.a(libc_a-mprec.o)
                0x0801071c                __s2b
 .text.__hi0bits
                0x080107b0       0x3e C:/ST/STM32CubeIDE_1.16.1/STM32CubeIDE/plugins/com.st.stm32cube.ide.mcu.externaltools.gnu-tools-for-stm32.12.3.rel1.win32_1.0.200.202406191623/tools/bin/../lib/gcc/arm-none-eabi/12.3.1/../../../../arm-none-eabi/lib/thumb/v7e-m+dp/hard\libc_nano.a(libc_a-mprec.o)
                0x080107b0                __hi0bits
 .text.__lo0bits
                0x080107ee       0x5a C:/ST/STM32CubeIDE_1.16.1/STM32CubeIDE/plugins/com.st.stm32cube.ide.mcu.externaltools.gnu-tools-for-stm32.12.3.rel1.win32_1.0.200.202406191623/tools/bin/../lib/gcc/arm-none-eabi/12.3.1/../../../../arm-none-eabi/lib/thumb/v7e-m+dp/hard\libc_nano.a(libc_a-mprec.o)
                0x080107ee                __lo0bits
 .text.__i2b    0x08010848       0x2c C:/ST/STM32CubeIDE_1.16.1/STM32CubeIDE/plugins/com.st.stm32cube.ide.mcu.externaltools.gnu-tools-for-stm32.12.3.rel1.win32_1.0.200.202406191623/tools/bin/../lib/gcc/arm-none-eabi/12.3.1/../../../../arm-none-eabi/lib/thumb/v7e-m+dp/hard\libc_nano.a(libc_a-mprec.o)
                0x08010848                __i2b
 .text.__multiply
                0x08010874      0x154 C:/ST/STM32CubeIDE_1.16.1/STM32CubeIDE/plugins/com.st.stm32cube.ide.mcu.externaltools.gnu-tools-for-stm32.12.3.rel1.win32_1.0.200.202406191623/tools/bin/../lib/gcc/arm-none-eabi/12.3.1/../../../../arm-none-eabi/lib/thumb/v7e-m+dp/hard\libc_nano.a(libc_a-mprec.o)
                0x08010874                __multiply
 .text.__pow5mult
                0x080109c8       0xb4 C:/ST/STM32CubeIDE_1.16.1/STM32CubeIDE/plugins/com.st.stm32cube.ide.mcu.externaltools.gnu-tools-for-stm32.12.3.rel1.win32_1.0.200.202406191623/tools/bin/../lib/gcc/arm-none-eabi/12.3.1/../../../../arm-none-eabi/lib/thumb/v7e-m+dp/hard\libc_nano.a(libc_a-mprec.o)
                0x080109c8                __pow5mult
 .text.__lshift
                0x08010a7c       0xd8 C:/ST/STM32CubeIDE_1.16.1/STM32CubeIDE/plugins/com.st.stm32cube.ide.mcu.externaltools.gnu-tools-for-stm32.12.3.rel1.win32_1.0.200.202406191623/tools/bin/../lib/gcc/arm-none-eabi/12.3.1/../../../../arm-none-eabi/lib/thumb/v7e-m+dp/hard\libc_nano.a(libc_a-mprec.o)
                0x08010a7c                __lshift
 .text.__mcmp   0x08010b54       0x36 C:/ST/STM32CubeIDE_1.16.1/STM32CubeIDE/plugins/com.st.stm32cube.ide.mcu.externaltools.gnu-tools-for-stm32.12.3.rel1.win32_1.0.200.202406191623/tools/bin/../lib/gcc/arm-none-eabi/12.3.1/../../../../arm-none-eabi/lib/thumb/v7e-m+dp/hard\libc_nano.a(libc_a-mprec.o)
                0x08010b54                __mcmp
 *fill*         0x08010b8a        0x2 
 .text.__mdiff  0x08010b8c      0x128 C:/ST/STM32CubeIDE_1.16.1/STM32CubeIDE/plugins/com.st.stm32cube.ide.mcu.externaltools.gnu-tools-for-stm32.12.3.rel1.win32_1.0.200.202406191623/tools/bin/../lib/gcc/arm-none-eabi/12.3.1/../../../../arm-none-eabi/lib/thumb/v7e-m+dp/hard\libc_nano.a(libc_a-mprec.o)
                0x08010b8c                __mdiff
 .text.__ulp    0x08010cb4       0x4c C:/ST/STM32CubeIDE_1.16.1/STM32CubeIDE/plugins/com.st.stm32cube.ide.mcu.externaltools.gnu-tools-for-stm32.12.3.rel1.win32_1.0.200.202406191623/tools/bin/../lib/gcc/arm-none-eabi/12.3.1/../../../../arm-none-eabi/lib/thumb/v7e-m+dp/hard\libc_nano.a(libc_a-mprec.o)
                0x08010cb4                __ulp
 .text.__b2d    0x08010d00       0x94 C:/ST/STM32CubeIDE_1.16.1/STM32CubeIDE/plugins/com.st.stm32cube.ide.mcu.externaltools.gnu-tools-for-stm32.12.3.rel1.win32_1.0.200.202406191623/tools/bin/../lib/gcc/arm-none-eabi/12.3.1/../../../../arm-none-eabi/lib/thumb/v7e-m+dp/hard\libc_nano.a(libc_a-mprec.o)
                0x08010d00                __b2d
 .text.__d2b    0x08010d94       0xb0 C:/ST/STM32CubeIDE_1.16.1/STM32CubeIDE/plugins/com.st.stm32cube.ide.mcu.externaltools.gnu-tools-for-stm32.12.3.rel1.win32_1.0.200.202406191623/tools/bin/../lib/gcc/arm-none-eabi/12.3.1/../../../../arm-none-eabi/lib/thumb/v7e-m+dp/hard\libc_nano.a(libc_a-mprec.o)
                0x08010d94                __d2b
 .text.__ratio  0x08010e44       0x5e C:/ST/STM32CubeIDE_1.16.1/STM32CubeIDE/plugins/com.st.stm32cube.ide.mcu.externaltools.gnu-tools-for-stm32.12.3.rel1.win32_1.0.200.202406191623/tools/bin/../lib/gcc/arm-none-eabi/12.3.1/../../../../arm-none-eabi/lib/thumb/v7e-m+dp/hard\libc_nano.a(libc_a-mprec.o)
                0x08010e44                __ratio
 .text.__copybits
                0x08010ea2       0x46 C:/ST/STM32CubeIDE_1.16.1/STM32CubeIDE/plugins/com.st.stm32cube.ide.mcu.externaltools.gnu-tools-for-stm32.12.3.rel1.win32_1.0.200.202406191623/tools/bin/../lib/gcc/arm-none-eabi/12.3.1/../../../../arm-none-eabi/lib/thumb/v7e-m+dp/hard\libc_nano.a(libc_a-mprec.o)
                0x08010ea2                __copybits
 .text.__any_on
                0x08010ee8       0x42 C:/ST/STM32CubeIDE_1.16.1/STM32CubeIDE/plugins/com.st.stm32cube.ide.mcu.externaltools.gnu-tools-for-stm32.12.3.rel1.win32_1.0.200.202406191623/tools/bin/../lib/gcc/arm-none-eabi/12.3.1/../../../../arm-none-eabi/lib/thumb/v7e-m+dp/hard\libc_nano.a(libc_a-mprec.o)
                0x08010ee8                __any_on
 .text.sulp     0x08010f2a       0x34 C:/ST/STM32CubeIDE_1.16.1/STM32CubeIDE/plugins/com.st.stm32cube.ide.mcu.externaltools.gnu-tools-for-stm32.12.3.rel1.win32_1.0.200.202406191623/tools/bin/../lib/gcc/arm-none-eabi/12.3.1/../../../../arm-none-eabi/lib/thumb/v7e-m+dp/hard\libc_nano.a(libc_a-strtod.o)
 *fill*         0x08010f5e        0x2 
 .text._strtod_l
                0x08010f60      0xb2c C:/ST/STM32CubeIDE_1.16.1/STM32CubeIDE/plugins/com.st.stm32cube.ide.mcu.externaltools.gnu-tools-for-stm32.12.3.rel1.win32_1.0.200.202406191623/tools/bin/../lib/gcc/arm-none-eabi/12.3.1/../../../../arm-none-eabi/lib/thumb/v7e-m+dp/hard\libc_nano.a(libc_a-strtod.o)
                0x08010f60                _strtod_l
 .text._strtod_r
                0x08011a8c        0xc C:/ST/STM32CubeIDE_1.16.1/STM32CubeIDE/plugins/com.st.stm32cube.ide.mcu.externaltools.gnu-tools-for-stm32.12.3.rel1.win32_1.0.200.202406191623/tools/bin/../lib/gcc/arm-none-eabi/12.3.1/../../../../arm-none-eabi/lib/thumb/v7e-m+dp/hard\libc_nano.a(libc_a-strtod.o)
                0x08011a8c                _strtod_r
 .text._strtol_l.constprop.0
                0x08011a98       0xf4 C:/ST/STM32CubeIDE_1.16.1/STM32CubeIDE/plugins/com.st.stm32cube.ide.mcu.externaltools.gnu-tools-for-stm32.12.3.rel1.win32_1.0.200.202406191623/tools/bin/../lib/gcc/arm-none-eabi/12.3.1/../../../../arm-none-eabi/lib/thumb/v7e-m+dp/hard\libc_nano.a(libc_a-strtol.o)
 .text._strtol_r
                0x08011b8c        0x4 C:/ST/STM32CubeIDE_1.16.1/STM32CubeIDE/plugins/com.st.stm32cube.ide.mcu.externaltools.gnu-tools-for-stm32.12.3.rel1.win32_1.0.200.202406191623/tools/bin/../lib/gcc/arm-none-eabi/12.3.1/../../../../arm-none-eabi/lib/thumb/v7e-m+dp/hard\libc_nano.a(libc_a-strtol.o)
                0x08011b8c                _strtol_r
 .text.__ssputs_r
                0x08011b90       0xb6 C:/ST/STM32CubeIDE_1.16.1/STM32CubeIDE/plugins/com.st.stm32cube.ide.mcu.externaltools.gnu-tools-for-stm32.12.3.rel1.win32_1.0.200.202406191623/tools/bin/../lib/gcc/arm-none-eabi/12.3.1/../../../../arm-none-eabi/lib/thumb/v7e-m+dp/hard\libc_nano.a(libc_a-nano-svfprintf.o)
                0x08011b90                __ssputs_r
 *fill*         0x08011c46        0x2 
 .text._svfprintf_r
                0x08011c48      0x1f8 C:/ST/STM32CubeIDE_1.16.1/STM32CubeIDE/plugins/com.st.stm32cube.ide.mcu.externaltools.gnu-tools-for-stm32.12.3.rel1.win32_1.0.200.202406191623/tools/bin/../lib/gcc/arm-none-eabi/12.3.1/../../../../arm-none-eabi/lib/thumb/v7e-m+dp/hard\libc_nano.a(libc_a-nano-svfprintf.o)
                0x08011c48                _svfiprintf_r
                0x08011c48                _svfprintf_r
 .text.__sflush_r
                0x08011e40      0x108 C:/ST/STM32CubeIDE_1.16.1/STM32CubeIDE/plugins/com.st.stm32cube.ide.mcu.externaltools.gnu-tools-for-stm32.12.3.rel1.win32_1.0.200.202406191623/tools/bin/../lib/gcc/arm-none-eabi/12.3.1/../../../../arm-none-eabi/lib/thumb/v7e-m+dp/hard\libc_nano.a(libc_a-fflush.o)
                0x08011e40                __sflush_r
 .text._fflush_r
                0x08011f48       0x50 C:/ST/STM32CubeIDE_1.16.1/STM32CubeIDE/plugins/com.st.stm32cube.ide.mcu.externaltools.gnu-tools-for-stm32.12.3.rel1.win32_1.0.200.202406191623/tools/bin/../lib/gcc/arm-none-eabi/12.3.1/../../../../arm-none-eabi/lib/thumb/v7e-m+dp/hard\libc_nano.a(libc_a-fflush.o)
                0x08011f48                _fflush_r
 .text.memmove  0x08011f98       0x34 C:/ST/STM32CubeIDE_1.16.1/STM32CubeIDE/plugins/com.st.stm32cube.ide.mcu.externaltools.gnu-tools-for-stm32.12.3.rel1.win32_1.0.200.202406191623/tools/bin/../lib/gcc/arm-none-eabi/12.3.1/../../../../arm-none-eabi/lib/thumb/v7e-m+dp/hard\libc_nano.a(libc_a-memmove.o)
                0x08011f98                memmove