Repository '8159247(PCRC-QTWV1RUPCQ)', 'C:\Users\tester\Documents\WorkVisual 6.0\Repositories\8159247(PCRC-QTWV1RUPCQ)'
====================================================================================================

2025-07-09 10:30:02.446 PM | CHANGED | C:\Users\tester\Documents\WorkVisual 6.0\Repositories\8159247(PCRC-QTWV1RUPCQ)\KRC\R1\Program\MEEC25\Group3\robotic.dat
2025-07-09 10:30:02.460 PM | CHANGED | C:\Users\tester\Documents\WorkVisual 6.0\Repositories\8159247(PCRC-QTWV1RUPCQ)\KRC\R1\Program\MEEC25\Group3\robotic.dat
2025-07-09 10:30:02.461 PM | CHANGED | C:\Users\tester\Documents\WorkVisual 6.0\Repositories\8159247(PCRC-QTWV1RUPCQ)\KRC\R1\Program\MEEC25\Group3\robotic.dat
2025-07-09 10:30:02.462 PM | CHANGED | C:\Users\tester\Documents\WorkVisual 6.0\Repositories\8159247(PCRC-QTWV1RUPCQ)\KRC\R1\Program\MEEC25\Group3\robotic.dat
2025-07-09 10:33:39.856 PM | CHANGED | C:\Users\tester\Documents\WorkVisual 6.0\Repositories\8159247(PCRC-QTWV1RUPCQ)\KRC\R1\Program\MEEC25\Group3\robotic.src
2025-07-09 10:33:39.873 PM | CHANGED | C:\Users\tester\Documents\WorkVisual 6.0\Repositories\8159247(PCRC-QTWV1RUPCQ)\KRC\R1\Program\MEEC25\Group3\robotic.src
2025-07-09 10:33:39.873 PM | CHANGED | C:\Users\tester\Documents\WorkVisual 6.0\Repositories\8159247(PCRC-QTWV1RUPCQ)\KRC\R1\Program\MEEC25\Group3\robotic.src
2025-07-09 10:33:39.874 PM | CHANGED | C:\Users\tester\Documents\WorkVisual 6.0\Repositories\8159247(PCRC-QTWV1RUPCQ)\KRC\R1\Program\MEEC25\Group3\robotic.src
2025-07-09 10:33:39.874 PM | CHANGED | C:\Users\tester\Documents\WorkVisual 6.0\Repositories\8159247(PCRC-QTWV1RUPCQ)\KRC\R1\Program\MEEC25\Group3\robotic.dat
2025-07-09 10:33:39.874 PM | CHANGED | C:\Users\tester\Documents\WorkVisual 6.0\Repositories\8159247(PCRC-QTWV1RUPCQ)\KRC\R1\Program\MEEC25\Group3\robotic.dat
2025-07-09 10:33:39.874 PM | CHANGED | C:\Users\tester\Documents\WorkVisual 6.0\Repositories\8159247(PCRC-QTWV1RUPCQ)\KRC\R1\Program\MEEC25\Group3\robotic.dat
2025-07-09 10:33:39.874 PM | CHANGED | C:\Users\tester\Documents\WorkVisual 6.0\Repositories\8159247(PCRC-QTWV1RUPCQ)\KRC\R1\Program\MEEC25\Group3\robotic.dat
2025-07-09 10:34:38.326 PM | CHANGED | C:\Users\tester\Documents\WorkVisual 6.0\Repositories\8159247(PCRC-QTWV1RUPCQ)\KRC\R1\Program\MEEC25\Group3\robotic.src
2025-07-09 10:34:38.343 PM | CHANGED | C:\Users\tester\Documents\WorkVisual 6.0\Repositories\8159247(PCRC-QTWV1RUPCQ)\KRC\R1\Program\MEEC25\Group3\robotic.src
2025-07-09 10:34:38.343 PM | CHANGED | C:\Users\tester\Documents\WorkVisual 6.0\Repositories\8159247(PCRC-QTWV1RUPCQ)\KRC\R1\Program\MEEC25\Group3\robotic.src
2025-07-09 10:34:38.343 PM | CHANGED | C:\Users\tester\Documents\WorkVisual 6.0\Repositories\8159247(PCRC-QTWV1RUPCQ)\KRC\R1\Program\MEEC25\Group3\robotic.src
2025-07-09 10:41:14.087 PM | CHANGED | C:\Users\tester\Documents\WorkVisual 6.0\Repositories\8159247(PCRC-QTWV1RUPCQ)\KRC\R1\Program\MEEC25\Group3\robotic.dat
2025-07-09 10:41:14.102 PM | CHANGED | C:\Users\tester\Documents\WorkVisual 6.0\Repositories\8159247(PCRC-QTWV1RUPCQ)\KRC\R1\Program\MEEC25\Group3\robotic.dat
2025-07-09 10:41:14.102 PM | CHANGED | C:\Users\tester\Documents\WorkVisual 6.0\Repositories\8159247(PCRC-QTWV1RUPCQ)\KRC\R1\Program\MEEC25\Group3\robotic.dat
2025-07-09 10:41:14.103 PM | CHANGED | C:\Users\tester\Documents\WorkVisual 6.0\Repositories\8159247(PCRC-QTWV1RUPCQ)\KRC\R1\Program\MEEC25\Group3\robotic.dat
2025-07-09 10:49:51.774 PM | CHANGED | C:\Users\tester\Documents\WorkVisual 6.0\Repositories\8159247(PCRC-QTWV1RUPCQ)\KRC\R1\Program\MEEC25\Group3\robotic.dat
2025-07-09 10:49:51.788 PM | CHANGED | C:\Users\tester\Documents\WorkVisual 6.0\Repositories\8159247(PCRC-QTWV1RUPCQ)\KRC\R1\Program\MEEC25\Group3\robotic.dat
2025-07-09 10:49:51.788 PM | CHANGED | C:\Users\tester\Documents\WorkVisual 6.0\Repositories\8159247(PCRC-QTWV1RUPCQ)\KRC\R1\Program\MEEC25\Group3\robotic.dat
2025-07-09 10:49:51.788 PM | CHANGED | C:\Users\tester\Documents\WorkVisual 6.0\Repositories\8159247(PCRC-QTWV1RUPCQ)\KRC\R1\Program\MEEC25\Group3\robotic.dat
2025-07-09 10:53:47.360 PM | CHANGED | C:\Users\tester\Documents\WorkVisual 6.0\Repositories\8159247(PCRC-QTWV1RUPCQ)\KRC\R1\Program\MEEC25\Group3\robotic.dat
2025-07-09 10:53:47.363 PM | CHANGED | C:\Users\tester\Documents\WorkVisual 6.0\Repositories\8159247(PCRC-QTWV1RUPCQ)\KRC\R1\Program\MEEC25\Group3\robotic.dat
2025-07-09 10:53:47.363 PM | CHANGED | C:\Users\tester\Documents\WorkVisual 6.0\Repositories\8159247(PCRC-QTWV1RUPCQ)\KRC\R1\Program\MEEC25\Group3\robotic.dat
2025-07-09 10:53:47.363 PM | CHANGED | C:\Users\tester\Documents\WorkVisual 6.0\Repositories\8159247(PCRC-QTWV1RUPCQ)\KRC\R1\Program\MEEC25\Group3\robotic.dat
2025-07-09 10:54:00.297 PM | CHANGED | C:\Users\tester\Documents\WorkVisual 6.0\Repositories\8159247(PCRC-QTWV1RUPCQ)\Connections.xml
2025-07-09 10:54:00.297 PM | CHANGED | C:\Users\tester\Documents\WorkVisual 6.0\Repositories\8159247(PCRC-QTWV1RUPCQ)\Connections.xml
2025-07-09 10:54:12.280 PM | CHANGED | C:\Users\tester\Documents\WorkVisual 6.0\Repositories\8159247(PCRC-QTWV1RUPCQ)\Connections.xml
2025-07-09 10:54:12.280 PM | CHANGED | C:\Users\tester\Documents\WorkVisual 6.0\Repositories\8159247(PCRC-QTWV1RUPCQ)\Connections.xml
2025-07-09 10:57:32.205 PM | CHANGED | C:\Users\tester\Documents\WorkVisual 6.0\Repositories\8159247(PCRC-QTWV1RUPCQ)\KRC\R1\Program\MEEC25\Group3\robotic.dat
2025-07-09 10:57:32.207 PM | CHANGED | C:\Users\tester\Documents\WorkVisual 6.0\Repositories\8159247(PCRC-QTWV1RUPCQ)\KRC\R1\Program\MEEC25\Group3\robotic.dat
2025-07-09 10:57:32.207 PM | CHANGED | C:\Users\tester\Documents\WorkVisual 6.0\Repositories\8159247(PCRC-QTWV1RUPCQ)\KRC\R1\Program\MEEC25\Group3\robotic.dat
2025-07-09 10:57:32.207 PM | CHANGED | C:\Users\tester\Documents\WorkVisual 6.0\Repositories\8159247(PCRC-QTWV1RUPCQ)\KRC\R1\Program\MEEC25\Group3\robotic.dat
2025-07-10 12:17:12.715 AM | CHANGED | C:\Users\tester\Documents\WorkVisual 6.0\Repositories\8159247(PCRC-QTWV1RUPCQ)\Modifications.xml
2025-07-10 12:17:12.715 AM | CHANGED | C:\Users\tester\Documents\WorkVisual 6.0\Repositories\8159247(PCRC-QTWV1RUPCQ)\Modifications.xml
