../USB_DEVICE/App/usbd_cdc_if.c:86:6:myPrintf	92	static
../USB_DEVICE/App/usbd_cdc_if.c:183:15:CDC_Init_FS	8	static
../USB_DEVICE/App/usbd_cdc_if.c:197:15:CDC_DeInit_FS	4	static
../USB_DEVICE/App/usbd_cdc_if.c:211:15:CDC_Control_FS	16	static
../USB_DEVICE/App/usbd_cdc_if.c:292:15:CDC_Receive_FS	144	static
../USB_DEVICE/App/usbd_cdc_if.c:379:9:CDC_Transmit_FS	24	static
../USB_DEVICE/App/usbd_cdc_if.c:405:15:CDC_TransmitCplt_FS	32	static
../USB_DEVICE/App/usbd_cdc_if.c:417:5:compare_buf	24	static
